Component: ARM Compiler 5.06 update 2 (build 183) Tool: armlink [4d35b7]

==============================================================================

Section Cross References

    startup_stm32f10x_md.o(STACK) refers (Special) to heapauxi.o(.text) for __use_two_region_memory
    startup_stm32f10x_md.o(HEAP) refers (Special) to heapauxi.o(.text) for __use_two_region_memory
    startup_stm32f10x_md.o(RESET) refers (Special) to heapauxi.o(.text) for __use_two_region_memory
    startup_stm32f10x_md.o(RESET) refers to startup_stm32f10x_md.o(STACK) for __initial_sp
    startup_stm32f10x_md.o(RESET) refers to startup_stm32f10x_md.o(.text) for Reset_Handler
    startup_stm32f10x_md.o(RESET) refers to stm32f10x_it.o(i.NMI_Handler) for NMI_Handler
    startup_stm32f10x_md.o(RESET) refers to stm32f10x_it.o(i.HardFault_Handler) for HardFault_Handler
    startup_stm32f10x_md.o(RESET) refers to stm32f10x_it.o(i.MemManage_Handler) for MemManage_Handler
    startup_stm32f10x_md.o(RESET) refers to stm32f10x_it.o(i.BusFault_Handler) for BusFault_Handler
    startup_stm32f10x_md.o(RESET) refers to stm32f10x_it.o(i.UsageFault_Handler) for UsageFault_Handler
    startup_stm32f10x_md.o(RESET) refers to stm32f10x_it.o(i.SVC_Handler) for SVC_Handler
    startup_stm32f10x_md.o(RESET) refers to stm32f10x_it.o(i.DebugMon_Handler) for DebugMon_Handler
    startup_stm32f10x_md.o(RESET) refers to stm32f10x_it.o(i.PendSV_Handler) for PendSV_Handler
    startup_stm32f10x_md.o(RESET) refers to stm32f10x_it.o(i.SysTick_Handler) for SysTick_Handler
    startup_stm32f10x_md.o(RESET) refers to main.o(i.EXTI0_IRQHandler) for EXTI0_IRQHandler
    startup_stm32f10x_md.o(RESET) refers to main.o(i.EXTI1_IRQHandler) for EXTI1_IRQHandler
    startup_stm32f10x_md.o(RESET) refers to main.o(i.EXTI2_IRQHandler) for EXTI2_IRQHandler
    startup_stm32f10x_md.o(RESET) refers to main.o(i.EXTI4_IRQHandler) for EXTI4_IRQHandler
    startup_stm32f10x_md.o(RESET) refers to adc.o(i.DMA1_Channel1_IRQHandler) for DMA1_Channel1_IRQHandler
    startup_stm32f10x_md.o(RESET) refers to main.o(i.USB_HP_CAN1_TX_IRQHandler) for USB_HP_CAN1_TX_IRQHandler
    startup_stm32f10x_md.o(RESET) refers to main.o(i.USB_LP_CAN1_RX0_IRQHandler) for USB_LP_CAN1_RX0_IRQHandler
    startup_stm32f10x_md.o(RESET) refers to main.o(i.EXTI9_5_IRQHandler) for EXTI9_5_IRQHandler
    startup_stm32f10x_md.o(RESET) refers to cap.o(i.TIM2_IRQHandler) for TIM2_IRQHandler
    startup_stm32f10x_md.o(RESET) refers to cap.o(i.TIM3_IRQHandler) for TIM3_IRQHandler
    startup_stm32f10x_md.o(RESET) refers to main.o(i.EXTI15_10_IRQHandler) for EXTI15_10_IRQHandler
    startup_stm32f10x_md.o(.text) refers (Special) to heapauxi.o(.text) for __use_two_region_memory
    startup_stm32f10x_md.o(.text) refers to system_stm32f10x.o(i.SystemInit) for SystemInit
    startup_stm32f10x_md.o(.text) refers to __main.o(!!!main) for __main
    startup_stm32f10x_md.o(.text) refers to startup_stm32f10x_md.o(HEAP) for Heap_Mem
    startup_stm32f10x_md.o(.text) refers to startup_stm32f10x_md.o(STACK) for Stack_Mem
    main.o(i.Current_FB) refers to dflt_clz.o(x$fpl$dflt) for __aeabi_i2d
    main.o(i.Current_FB) refers to dmul.o(x$fpl$dmul) for __aeabi_dmul
    main.o(i.Current_FB) refers to ddiv.o(x$fpl$ddiv) for __aeabi_ddiv
    main.o(i.Current_FB) refers to daddsub_clz.o(x$fpl$dadd) for __aeabi_dadd
    main.o(i.Current_FB) refers to dfixu.o(x$fpl$dfixu) for __aeabi_d2uiz
    main.o(i.EXTI0_IRQHandler) refers to motor.o(i.MOTOR_Phase) for MOTOR_Phase
    main.o(i.EXTI0_IRQHandler) refers to motor.o(i.MOTOR_Get_G) for MOTOR_Get_G
    main.o(i.EXTI0_IRQHandler) refers to stm32f10x_exti.o(i.EXTI_ClearITPendingBit) for EXTI_ClearITPendingBit
    main.o(i.EXTI0_IRQHandler) refers to motor.o(.data) for MOTOR_Satus
    main.o(i.EXTI0_IRQHandler) refers to motor.o(.constdata) for G_IN
    main.o(i.EXTI15_10_IRQHandler) refers to stm32f10x_exti.o(i.EXTI_GetITStatus) for EXTI_GetITStatus
    main.o(i.EXTI15_10_IRQHandler) refers to main.o(i.MOTOR_RESET) for MOTOR_RESET
    main.o(i.EXTI15_10_IRQHandler) refers to stm32f10x_exti.o(i.EXTI_ClearITPendingBit) for EXTI_ClearITPendingBit
    main.o(i.EXTI15_10_IRQHandler) refers to main.o(.data) for KEY_STA
    main.o(i.EXTI1_IRQHandler) refers to motor.o(i.MOTOR_Phase) for MOTOR_Phase
    main.o(i.EXTI1_IRQHandler) refers to motor.o(i.MOTOR_Get_G) for MOTOR_Get_G
    main.o(i.EXTI1_IRQHandler) refers to stm32f10x_exti.o(i.EXTI_ClearITPendingBit) for EXTI_ClearITPendingBit
    main.o(i.EXTI1_IRQHandler) refers to motor.o(.data) for MOTOR_Satus
    main.o(i.EXTI1_IRQHandler) refers to motor.o(.constdata) for G_IN
    main.o(i.EXTI2_IRQHandler) refers to motor.o(i.MOTOR_Phase) for MOTOR_Phase
    main.o(i.EXTI2_IRQHandler) refers to motor.o(i.MOTOR_Get_G) for MOTOR_Get_G
    main.o(i.EXTI2_IRQHandler) refers to stm32f10x_exti.o(i.EXTI_ClearITPendingBit) for EXTI_ClearITPendingBit
    main.o(i.EXTI2_IRQHandler) refers to motor.o(.data) for MOTOR_Satus
[...]
    .ARM.Collect$$libinit$$00000033          0x0800016c   Section        2  libinit2.o(.ARM.Collect$$libinit$$00000033)
    .ARM.Collect$$libshutdown$$00000000      0x0800016e   Section        2  libshutdown.o(.ARM.Collect$$libshutdown$$00000000)
    .ARM.Collect$$libshutdown$$00000002      0x08000170   Section        0  libshutdown2.o(.ARM.Collect$$libshutdown$$00000002)
    .ARM.Collect$$libshutdown$$00000004      0x08000170   Section        0  libshutdown2.o(.ARM.Collect$$libshutdown$$00000004)
    .ARM.Collect$$libshutdown$$00000007      0x08000170   Section        0  libshutdown2.o(.ARM.Collect$$libshutdown$$00000007)
    .ARM.Collect$$libshutdown$$0000000A      0x08000170   Section        0  libshutdown2.o(.ARM.Collect$$libshutdown$$0000000A)
    .ARM.Collect$$libshutdown$$0000000C      0x08000170   Section        0  libshutdown2.o(.ARM.Collect$$libshutdown$$0000000C)
    .ARM.Collect$$libshutdown$$0000000F      0x08000170   Section        0  libshutdown2.o(.ARM.Collect$$libshutdown$$0000000F)
    .ARM.Collect$$libshutdown$$00000010      0x08000170   Section        2  libshutdown2.o(.ARM.Collect$$libshutdown$$00000010)
    .ARM.Collect$$rtentry$$00000000          0x08000172   Section        0  __rtentry.o(.ARM.Collect$$rtentry$$00000000)
    .ARM.Collect$$rtentry$$00000002          0x08000172   Section        0  __rtentry2.o(.ARM.Collect$$rtentry$$00000002)
    .ARM.Collect$$rtentry$$00000004          0x08000172   Section        6  __rtentry4.o(.ARM.Collect$$rtentry$$00000004)
    .ARM.Collect$$rtentry$$00000009          0x08000178   Section        0  __rtentry2.o(.ARM.Collect$$rtentry$$00000009)
    .ARM.Collect$$rtentry$$0000000A          0x08000178   Section        4  __rtentry2.o(.ARM.Collect$$rtentry$$0000000A)
    .ARM.Collect$$rtentry$$0000000C          0x0800017c   Section        0  __rtentry2.o(.ARM.Collect$$rtentry$$0000000C)
    .ARM.Collect$$rtentry$$0000000D          0x0800017c   Section        8  __rtentry2.o(.ARM.Collect$$rtentry$$0000000D)
    .ARM.Collect$$rtexit$$00000000           0x08000184   Section        2  rtexit.o(.ARM.Collect$$rtexit$$00000000)
    .ARM.Collect$$rtexit$$00000002           0x08000186   Section        0  rtexit2.o(.ARM.Collect$$rtexit$$00000002)
    .ARM.Collect$$rtexit$$00000003           0x08000186   Section        4  rtexit2.o(.ARM.Collect$$rtexit$$00000003)
    .ARM.Collect$$rtexit$$00000004           0x0800018a   Section        6  rtexit2.o(.ARM.Collect$$rtexit$$00000004)
    .text                                    0x08000190   Section       64  startup_stm32f10x_md.o(.text)
    .text                                    0x080001d0   Section        2  use_no_semi_2.o(.text)
    .text                                    0x080001d4   Section        0  noretval__2printf.o(.text)
    .text                                    0x080001ec   Section        0  __printf.o(.text)
    .text                                    0x08000254   Section        0  _printf_dec.o(.text)
    .text                                    0x080002cc   Section      100  rt_memcpy_w.o(.text)
    .text                                    0x08000330   Section        0  heapauxi.o(.text)
    .text                                    0x08000336   Section        2  use_no_semi.o(.text)
    .text                                    0x08000338   Section        0  _printf_intcommon.o(.text)
    .text                                    0x080003ec   Section        0  _printf_char_file.o(.text)
    .text                                    0x08000410   Section        0  _printf_char_common.o(.text)
    _printf_input_char                       0x08000411   Thumb Code    10  _printf_char_common.o(.text)
    .text                                    0x08000440   Section        0  ferror.o(.text)
    .text                                    0x08000448   Section       74  sys_stackheap_outer.o(.text)
    .text                                    0x08000492   Section        0  exit.o(.text)
    .text                                    0x080004a4   Section        8  libspace.o(.text)
    i.ADC_Cmd                                0x080004ac   Section        0  stm32f10x_adc.o(i.ADC_Cmd)
    i.ADC_DMACmd                             0x080004c2   Section        0  stm32f10x_adc.o(i.ADC_DMACmd)
    i.ADC_DeInit                             0x080004d8   Section        0  stm32f10x_adc.o(i.ADC_DeInit)
    i.ADC_GetCalibrationStatus               0x08000534   Section        0  stm32f10x_adc.o(i.ADC_GetCalibrationStatus)
    i.ADC_GetResetCalibrationStatus          0x08000548   Section        0  stm32f10x_adc.o(i.ADC_GetResetCalibrationStatus)
    i.ADC_Init                               0x0800055c   Section        0  stm32f10x_adc.o(i.ADC_Init)
    i.ADC_Initial                            0x080005ac   Section        0  adc.o(i.ADC_Initial)
    i.ADC_RegularChannelConfig               0x08000710   Section        0  stm32f10x_adc.o(i.ADC_RegularChannelConfig)
    i.ADC_ResetCalibration                   0x080007c8   Section        0  stm32f10x_adc.o(i.ADC_ResetCalibration)
    i.ADC_SoftwareStartConvCmd               0x080007d2   Section        0  stm32f10x_adc.o(i.ADC_SoftwareStartConvCmd)
    i.ADC_StartCalibration                   0x080007e8   Section        0  stm32f10x_adc.o(i.ADC_StartCalibration)
    i.AT24CXX_Check                          0x080007f2   Section        0  24c02.o(i.AT24CXX_Check)
    i.AT24CXX_Init                           0x08000820   Section        0  24c02.o(i.AT24CXX_Init)
    i.AT24CXX_ReadOneByte                    0x08000830   Section        0  24c02.o(i.AT24CXX_ReadOneByte)
    i.AT24CXX_WriteOneByte                   0x0800086c   Section        0  24c02.o(i.AT24CXX_WriteOneByte)
    i.BusFault_Handler                       0x080008a0   Section        0  stm32f10x_it.o(i.BusFault_Handler)
    i.CAN1_Initial                           0x080008a4   Section        0  can.o(i.CAN1_Initial)
    i.CAN_ClearITPendingBit                  0x08000a04   Section        0  stm32f10x_can.o(i.CAN_ClearITPendingBit)
    i.CAN_FIFORelease                        0x08000aac   Section        0  stm32f10x_can.o(i.CAN_FIFORelease)
    i.CAN_FilterInit                         0x08000ac4   Section        0  stm32f10x_can.o(i.CAN_FilterInit)
    i.CAN_GetITStatus                        0x08000bcc   Section        0  stm32f10x_can.o(i.CAN_GetITStatus)
    i.CAN_ITConfig                           0x08000cec   Section        0  stm32f10x_can.o(i.CAN_ITConfig)
    i.CAN_Init                               0x08000cfe   Section        0  stm32f10x_can.o(i.CAN_Init)
    i.CAN_Receive                            0x08000e12   Section        0  stm32f10x_can.o(i.CAN_Receive)
    i.CAP_Initial                            0x08000f04   Section        0  cap.o(i.CAP_Initial)
    i.CheckITStatus                          0x0800104c   Section        0  stm32f10x_can.o(i.CheckITStatus)
    CheckITStatus                            0x0800104d   Thumb Code    18  stm32f10x_can.o(i.CheckITStatus)
    i.Current_FB                             0x08001060   Section        0  main.o(i.Current_FB)
    i.DMA1_Channel1_IRQHandler               0x080010c0   Section        0  adc.o(i.DMA1_Channel1_IRQHandler)
    i.DMA_ClearITPendingBit                  0x08001128   Section        0  stm32f10x_dma.o(i.DMA_ClearITPendingBit)
    i.DMA_Cmd                                0x08001144   Section        0  stm32f10x_dma.o(i.DMA_Cmd)
    i.DMA_DeInit                             0x0800115c   Section        0  stm32f10x_dma.o(i.DMA_DeInit)
    i.DMA_ITConfig                           0x080012a8   Section        0  stm32f10x_dma.o(i.DMA_ITConfig)
    i.DMA_Init                               0x080012ba   Section        0  stm32f10x_dma.o(i.DMA_Init)
    i.DebugMon_Handler                       0x080012f6   Section        0  stm32f10x_it.o(i.DebugMon_Handler)
    i.EXTI0_IRQHandler                       0x080012f8   Section        0  main.o(i.EXTI0_IRQHandler)
    i.EXTI15_10_IRQHandler                   0x080013d0   Section        0  main.o(i.EXTI15_10_IRQHandler)
    i.EXTI1_IRQHandler                       0x08001424   Section        0  main.o(i.EXTI1_IRQHandler)
    i.EXTI2_IRQHandler                       0x080014fc   Section        0  main.o(i.EXTI2_IRQHandler)
    i.EXTI4_IRQHandler                       0x080015d4   Section        0  main.o(i.EXTI4_IRQHandler)
    i.EXTI9_5_IRQHandler                     0x080017cc   Section        0  main.o(i.EXTI9_5_IRQHandler)
    i.EXTI_ClearITPendingBit                 0x0800181c   Section        0  stm32f10x_exti.o(i.EXTI_ClearITPendingBit)
    i.EXTI_DeInit                            0x08001828   Section        0  stm32f10x_exti.o(i.EXTI_DeInit)
    i.EXTI_GenerateSWInterrupt               0x0800184c   Section        0  stm32f10x_exti.o(i.EXTI_GenerateSWInterrupt)
    i.EXTI_GetITStatus                       0x0800185c   Section        0  stm32f10x_exti.o(i.EXTI_GetITStatus)
    i.EXTI_Init                              0x08001884   Section        0  stm32f10x_exti.o(i.EXTI_Init)
    i.EXTI_MOTOR_Phas_Initial                0x08001918   Section        0  exti.o(i.EXTI_MOTOR_Phas_Initial)
    i.FLASH_PrefetchBufferCmd                0x08001a78   Section        0  stm32f10x_flash.o(i.FLASH_PrefetchBufferCmd)
    i.FLASH_SetLatency                       0x08001a94   Section        0  stm32f10x_flash.o(i.FLASH_SetLatency)
    i.GPIO_EXTILineConfig                    0x08001aac   Section        0  stm32f10x_gpio.o(i.GPIO_EXTILineConfig)
    i.GPIO_Init                              0x08001aec   Section        0  stm32f10x_gpio.o(i.GPIO_Init)
    i.GPIO_PinRemapConfig                    0x08001c04   Section        0  stm32f10x_gpio.o(i.GPIO_PinRemapConfig)
    i.GPIO_ResetBits                         0x08001c94   Section        0  stm32f10x_gpio.o(i.GPIO_ResetBits)
    i.GPIO_SetBits                           0x08001c98   Section        0  stm32f10x_gpio.o(i.GPIO_SetBits)
    i.HardFault_Handler                      0x08001c9c   Section        0  stm32f10x_it.o(i.HardFault_Handler)
    i.IIC_Ack                                0x08001ca0   Section        0  iic.o(i.IIC_Ack)
    i.IIC_Init                               0x08001cf0   Section        0  iic.o(i.IIC_Init)
    i.IIC_NAck                               0x08001d58   Section        0  iic.o(i.IIC_NAck)
    i.IIC_Read_Byte                          0x08001da8   Section        0  iic.o(i.IIC_Read_Byte)
    i.IIC_Send_Byte                          0x08001e18   Section        0  iic.o(i.IIC_Send_Byte)
    i.IIC_Start                              0x08001e80   Section        0  iic.o(i.IIC_Start)
    i.IIC_Stop                               0x08001ecc   Section        0  iic.o(i.IIC_Stop)
    i.IIC_Wait_Ack                           0x08001f20   Section        0  iic.o(i.IIC_Wait_Ack)
    i.KEY_FB                                 0x08001f84   Section        0  key.o(i.KEY_FB)
    i.KEY_Initial                            0x0800203c   Section        0  key.o(i.KEY_Initial)
    i.LED_Initial                            0x08002068   Section        0  led.o(i.LED_Initial)
    i.MOTOR_Dir                              0x080020ac   Section        0  main.o(i.MOTOR_Dir)
    i.MOTOR_GPIO_Initial                     0x080020cc   Section        0  motor.o(i.MOTOR_GPIO_Initial)
    i.MOTOR_Get_G                            0x08002118   Section        0  motor.o(i.MOTOR_Get_G)
    i.MOTOR_HALL_Initial                     0x0800213c   Section        0  motor.o(i.MOTOR_HALL_Initial)
    i.MOTOR_PWM_SAFE                         0x08002168   Section        0  main.o(i.MOTOR_PWM_SAFE)
    i.MOTOR_Phase                            0x08002190   Section        0  motor.o(i.MOTOR_Phase)
    i.MOTOR_RESET                            0x080022f0   Section        0  main.o(i.MOTOR_RESET)
    i.MOTOR_Set_Status                       0x08002338   Section        0  main.o(i.MOTOR_Set_Status)
    i.MOTOR_UP                               0x08002354   Section        0  motor.o(i.MOTOR_UP)
    i.MemManage_Handler                      0x080023ee   Section        0  stm32f10x_it.o(i.MemManage_Handler)
    i.NMI_Handler                            0x080023f2   Section        0  stm32f10x_it.o(i.NMI_Handler)
    i.NVIC_Init                              0x080023f4   Section        0  misc.o(i.NVIC_Init)
    i.NVIC_PriorityGroupConfig               0x08002464   Section        0  misc.o(i.NVIC_PriorityGroupConfig)
    i.PID_Handle                             0x08002478   Section        0  pid.o(i.PID_Handle)
    i.PID_Initial                            0x08002534   Section        0  pid.o(i.PID_Initial)
    i.PID_SAFE_Correct                       0x0800254e   Section        0  main.o(i.PID_SAFE_Correct)
    i.PendSV_Handler                         0x08002560   Section        0  stm32f10x_it.o(i.PendSV_Handler)
    i.RCC_ADCCLKConfig                       0x08002564   Section        0  stm32f10x_rcc.o(i.RCC_ADCCLKConfig)
    i.RCC_AHBPeriphClockCmd                  0x0800257c   Section        0  stm32f10x_rcc.o(i.RCC_AHBPeriphClockCmd)
    i.RCC_APB1PeriphClockCmd                 0x0800259c   Section        0  stm32f10x_rcc.o(i.RCC_APB1PeriphClockCmd)
    i.RCC_APB2PeriphClockCmd                 0x080025bc   Section        0  stm32f10x_rcc.o(i.RCC_APB2PeriphClockCmd)
    i.RCC_APB2PeriphResetCmd                 0x080025dc   Section        0  stm32f10x_rcc.o(i.RCC_APB2PeriphResetCmd)
    i.RCC_DeInit                             0x080025fc   Section        0  stm32f10x_rcc.o(i.RCC_DeInit)
    i.RCC_GetClocksFreq                      0x08002648   Section        0  stm32f10x_rcc.o(i.RCC_GetClocksFreq)
    i.RCC_GetFlagStatus                      0x0800271c   Section        0  stm32f10x_rcc.o(i.RCC_GetFlagStatus)
    i.RCC_GetSYSCLKSource                    0x08002758   Section        0  stm32f10x_rcc.o(i.RCC_GetSYSCLKSource)
    i.RCC_HCLKConfig                         0x08002768   Section        0  stm32f10x_rcc.o(i.RCC_HCLKConfig)
    i.RCC_HSEConfig                          0x08002780   Section        0  stm32f10x_rcc.o(i.RCC_HSEConfig)
    i.RCC_Initial                            0x080027cc   Section        0  main.o(i.RCC_Initial)
    i.RCC_PCLK1Config                        0x08002838   Section        0  stm32f10x_rcc.o(i.RCC_PCLK1Config)
    i.RCC_PCLK2Config                        0x08002850   Section        0  stm32f10x_rcc.o(i.RCC_PCLK2Config)
    i.RCC_PLLCmd                             0x08002868   Section        0  stm32f10x_rcc.o(i.RCC_PLLCmd)
    i.RCC_PLLConfig                          0x08002874   Section        0  stm32f10x_rcc.o(i.RCC_PLLConfig)
    i.RCC_SYSCLKConfig                       0x08002890   Section        0  stm32f10x_rcc.o(i.RCC_SYSCLKConfig)
    i.RCC_WaitForHSEStartUp                  0x080028a8   Section        0  stm32f10x_rcc.o(i.RCC_WaitForHSEStartUp)
    i.SET_NUM_ESC                            0x080028e0   Section        0  main.o(i.SET_NUM_ESC)
    i.SVC_Handler                            0x08002af4   Section        0  stm32f10x_it.o(i.SVC_Handler)
    i.SetSysClock                            0x08002af6   Section        0  system_stm32f10x.o(i.SetSysClock)
    SetSysClock                              0x08002af7   Thumb Code     8  system_stm32f10x.o(i.SetSysClock)
    i.SetSysClockTo72                        0x08002b00   Section        0  system_stm32f10x.o(i.SetSysClockTo72)
    SetSysClockTo72                          0x08002b01   Thumb Code   214  system_stm32f10x.o(i.SetSysClockTo72)
    i.SysTick_CLKSourceConfig                0x08002be0   Section        0  misc.o(i.SysTick_CLKSourceConfig)
    i.SysTick_Handler                        0x08002c08   Section        0  stm32f10x_it.o(i.SysTick_Handler)
    i.SystemInit                             0x08002c0c   Section        0  system_stm32f10x.o(i.SystemInit)
    i.TI1_Config                             0x08002c6c   Section        0  stm32f10x_tim.o(i.TI1_Config)
    TI1_Config                               0x08002c6d   Thumb Code   108  stm32f10x_tim.o(i.TI1_Config)
    i.TI2_Config                             0x08002cec   Section        0  stm32f10x_tim.o(i.TI2_Config)
    TI2_Config                               0x08002ced   Thumb Code   130  stm32f10x_tim.o(i.TI2_Config)
    i.TI3_Config                             0x08002d84   Section        0  stm32f10x_tim.o(i.TI3_Config)
    TI3_Config                               0x08002d85   Thumb Code   122  stm32f10x_tim.o(i.TI3_Config)
    i.TI4_Config                             0x08002e14   Section        0  stm32f10x_tim.o(i.TI4_Config)
    TI4_Config                               0x08002e15   Thumb Code   130  stm32f10x_tim.o(i.TI4_Config)
    i.TIM2_IRQHandler                        0x08002eac   Section        0  cap.o(i.TIM2_IRQHandler)
    i.TIM3_IRQHandler                        0x08002f8c   Section        0  cap.o(i.TIM3_IRQHandler)
    i.TIM_ARRPreloadConfig                   0x0800307c   Section        0  stm32f10x_tim.o(i.TIM_ARRPreloadConfig)
    i.TIM_ClearITPendingBit                  0x08003094   Section        0  stm32f10x_tim.o(i.TIM_ClearITPendingBit)
    i.TIM_Cmd                                0x0800309a   Section        0  stm32f10x_tim.o(i.TIM_Cmd)
    i.TIM_CtrlPWMOutputs                     0x080030b2   Section        0  stm32f10x_tim.o(i.TIM_CtrlPWMOutputs)
    i.TIM_GetCapture1                        0x080030d0   Section        0  stm32f10x_tim.o(i.TIM_GetCapture1)
    i.TIM_GetCapture2                        0x080030d6   Section        0  stm32f10x_tim.o(i.TIM_GetCapture2)
    i.TIM_GetCapture3                        0x080030dc   Section        0  stm32f10x_tim.o(i.TIM_GetCapture3)
    i.TIM_GetITStatus                        0x080030e2   Section        0  stm32f10x_tim.o(i.TIM_GetITStatus)
    i.TIM_ICInit                             0x08003104   Section        0  stm32f10x_tim.o(i.TIM_ICInit)
    i.TIM_ITConfig                           0x080031b0   Section        0  stm32f10x_tim.o(i.TIM_ITConfig)
    i.TIM_OC2Init                            0x080031c4   Section        0  stm32f10x_tim.o(i.TIM_OC2Init)
    i.TIM_OC2PreloadConfig                   0x08003268   Section        0  stm32f10x_tim.o(i.TIM_OC2PreloadConfig)
    i.TIM_PWM_Initial                        0x08003284   Section        0  tim.o(i.TIM_PWM_Initial)
    i.TIM_SetCompare2                        0x08003320   Section        0  stm32f10x_tim.o(i.TIM_SetCompare2)
    i.TIM_SetCounter                         0x08003324   Section        0  stm32f10x_tim.o(i.TIM_SetCounter)
    i.TIM_SetIC1Prescaler                    0x08003328   Section        0  stm32f10x_tim.o(i.TIM_SetIC1Prescaler)
    i.TIM_SetIC2Prescaler                    0x0800333a   Section        0  stm32f10x_tim.o(i.TIM_SetIC2Prescaler)
    i.TIM_SetIC3Prescaler                    0x08003354   Section        0  stm32f10x_tim.o(i.TIM_SetIC3Prescaler)
    i.TIM_SetIC4Prescaler                    0x08003366   Section        0  stm32f10x_tim.o(i.TIM_SetIC4Prescaler)
    i.TIM_TimeBaseInit                       0x08003380   Section        0  stm32f10x_tim.o(i.TIM_TimeBaseInit)
    i.UART1_Initial                          0x08003424   Section        0  uart.o(i.UART1_Initial)
    i.USART_Cmd                              0x080034d4   Section        0  stm32f10x_usart.o(i.USART_Cmd)
    i.USART_ITConfig                         0x080034ec   Section        0  stm32f10x_usart.o(i.USART_ITConfig)
    i.USART_Init                             0x08003538   Section        0  stm32f10x_usart.o(i.USART_Init)
    i.USB_HP_CAN1_TX_IRQHandler              0x08003610   Section        0  main.o(i.USB_HP_CAN1_TX_IRQHandler)
    i.USB_LP_CAN1_RX0_IRQHandler             0x0800362c   Section        0  main.o(i.USB_LP_CAN1_RX0_IRQHandler)
    i.UsageFault_Handler                     0x08003744   Section        0  stm32f10x_it.o(i.UsageFault_Handler)
    i._sys_exit                              0x08003748   Section        0  uart.o(i._sys_exit)
    i.delay_init                             0x08003750   Section        0  delay.o(i.delay_init)
    i.delay_ms                               0x08003794   Section        0  delay.o(i.delay_ms)
    i.delay_us                               0x080037e0   Section        0  delay.o(i.delay_us)
    i.fputc                                  0x0800382c   Section        0  uart.o(i.fputc)
    i.main                                   0x08003848   Section        0  main.o(i.main)
    x$fpl$dadd                               0x08003988   Section      336  daddsub_clz.o(x$fpl$dadd)
    _dadd1                                   0x08003999   Thumb Code     0  daddsub_clz.o(x$fpl$dadd)
    x$fpl$ddiv                               0x08003ad8   Section      688  ddiv.o(x$fpl$ddiv)
    ddiv_entry                               0x08003adf   Thumb Code     0  ddiv.o(x$fpl$ddiv)
    x$fpl$dfix                               0x08003d88   Section       94  dfix.o(x$fpl$dfix)
    x$fpl$dfixu                              0x08003de8   Section       90  dfixu.o(x$fpl$dfixu)
    x$fpl$dflt                               0x08003e42   Section       46  dflt_clz.o(x$fpl$dflt)
    x$fpl$dfltu                              0x08003e70   Section       38  dflt_clz.o(x$fpl$dfltu)
    x$fpl$dmul                               0x08003e98   Section      340  dmul.o(x$fpl$dmul)
    x$fpl$dnaninf                            0x08003fec   Section      156  dnaninf.o(x$fpl$dnaninf)
    x$fpl$dretinf                            0x08004088   Section       12  dretinf.o(x$fpl$dretinf)
    x$fpl$dsub                               0x08004094   Section      468  daddsub_clz.o(x$fpl$dsub)
    _dsub1                                   0x080040a5   Thumb Code     0  daddsub_clz.o(x$fpl$dsub)
    x$fpl$fadd                               0x08004268   Section      196  faddsub_clz.o(x$fpl$fadd)
    _fadd1                                   0x08004277   Thumb Code     0  faddsub_clz.o(x$fpl$fadd)
    x$fpl$fdiv                               0x0800432c   Section      388  fdiv.o(x$fpl$fdiv)
    _fdiv1                                   0x0800432d   Thumb Code     0  fdiv.o(x$fpl$fdiv)
    x$fpl$ffix                               0x080044b0   Section       54  ffix.o(x$fpl$ffix)
    x$fpl$ffixu                              0x080044e8   Section       62  ffixu.o(x$fpl$ffixu)
    x$fpl$fflt                               0x08004528   Section       48  fflt_clz.o(x$fpl$fflt)
    x$fpl$fmul                               0x08004558   Section      258  fmul.o(x$fpl$fmul)
    x$fpl$fnaninf                            0x0800465a   Section      140  fnaninf.o(x$fpl$fnaninf)
    x$fpl$fretinf                            0x080046e6   Section       10  fretinf.o(x$fpl$fretinf)
    x$fpl$fsub                               0x080046f0   Section      234  faddsub_clz.o(x$fpl$fsub)
    _fsub1                                   0x080046ff   Thumb Code     0  faddsub_clz.o(x$fpl$fsub)
    .constdata                               0x080047da   Section        6  motor.o(.constdata)
    x$fpl$usenofp                            0x080047da   Section        0  usenofp.o(x$fpl$usenofp)
    .data                                    0x20000000   Section       56  main.o(.data)
    .data                                    0x20000038   Section       20  system_stm32f10x.o(.data)
    .data                                    0x2000004c   Section        4  delay.o(.data)
    fac_us                                   0x2000004c   Data           1  delay.o(.data)
    fac_ms                                   0x2000004e   Data           2  delay.o(.data)
    .data                                    0x20000050   Section        6  adc.o(.data)
    .data                                    0x20000056   Section        8  can.o(.data)
    .data                                    0x2000005e   Section        3  motor.o(.data)
    .data                                    0x20000064   Section       22  cap.o(.data)
    .data                                    0x2000007c   Section        4  uart.o(.data)
    .data                                    0x20000080   Section       20  stm32f10x_rcc.o(.data)
    APBAHBPrescTable                         0x20000080   Data          16  stm32f10x_rcc.o(.data)
    ADCPrescTable                            0x20000090   Data           4  stm32f10x_rcc.o(.data)
    .bss                                     0x20000094   Section       52  main.o(.bss)
    .bss                                     0x200000c8   Section      300  adc.o(.bss)
    .bss                                     0x200001f4   Section       96  libspace.o(.bss)
    HEAP                                     0x20000258   Section      512  startup_stm32f10x_md.o(HEAP)
    Heap_Mem                                 0x20000258   Data         512  startup_stm32f10x_md.o(HEAP)
    STACK                                    0x20000458   Section     1024  startup_stm32f10x_md.o(STACK)
    Stack_Mem                                0x20000458   Data        1024  startup_stm32f10x_md.o(STACK)
    __initial_sp                             0x20000858   Data           0  startup_stm32f10x_md.o(STACK)

    Global Symbols

    Symbol Name                              Value     Ov Type        Size  Object(Section)

    BuildAttributes$$THM_ISAv4$P$D$K$B$S$PE$A:L22UL41UL21$X:L11$S22US41US21$IEEE1$IW$USESV6$~STKCKD$USESV7$~SHL$OSPACE$ROPI$EBA8$UX$STANDARDLIB$REQ8$PRES8$EABIv2 0x00000000   Number         0  anon$$obj.o ABSOLUTE
    __ARM_use_no_argv                        0x00000000   Number         0  main.o ABSOLUTE
    __ARM_exceptions_init                     - Undefined Weak Reference
    __alloca_initialize                       - Undefined Weak Reference
    __arm_preinit_                            - Undefined Weak Reference
    __cpp_initialize__aeabi_                  - Undefined Weak Reference
    __cxa_finalize                            - Undefined Weak Reference
    __rt_locale                               - Undefined Weak Reference
    __sigvec_lookup                           - Undefined Weak Reference
    _atexit_init                              - Undefined Weak Reference
    _call_atexit_fns                          - Undefined Weak Reference
    _clock_init                               - Undefined Weak Reference
    _fp_trap_init                             - Undefined Weak Reference
    _fp_trap_shutdown                         - Undefined Weak Reference
    _get_lc_collate                           - Undefined Weak Reference
    _get_lc_ctype                             - Undefined Weak Reference
    _get_lc_monetary                          - Undefined Weak Reference
    _get_lc_numeric                           - Undefined Weak Reference
    _get_lc_time                              - Undefined Weak Reference
    _getenv_init                              - Undefined Weak Reference
    _handle_redirection                       - Undefined Weak Reference
    _init_alloc                               - Undefined Weak Reference
    _init_user_alloc                          - Undefined Weak Reference
    _initio                                   - Undefined Weak Reference
    _mutex_acquire                            - Undefined Weak Reference
    _mutex_release                            - Undefined Weak Reference
    _printf_post_padding                      - Undefined Weak Reference
    _printf_pre_padding                       - Undefined Weak Reference
    _printf_truncate_signed                   - Undefined Weak Reference
    _printf_truncate_unsigned                 - Undefined Weak Reference
    _rand_init                                - Undefined Weak Reference
    _signal_finish                            - Undefined Weak Reference
    _signal_init                              - Undefined Weak Reference
    _terminate_alloc                          - Undefined Weak Reference
    _terminate_user_alloc                     - Undefined Weak Reference
    _terminateio                              - Undefined Weak Reference
    __Vectors_Size                           0x000000ec   Number         0  startup_stm32f10x_md.o ABSOLUTE
    __Vectors                                0x08000000   Data           4  startup_stm32f10x_md.o(RESET)
    __Vectors_End                            0x080000ec   Data           0  startup_stm32f10x_md.o(RESET)
    __main                                   0x080000ed   Thumb Code     8  __main.o(!!!main)
    __scatterload                            0x080000f5   Thumb Code     0  __scatter.o(!!!scatter)
    __scatterload_rt2                        0x080000f5   Thumb Code    44  __scatter.o(!!!scatter)
    __scatterload_rt2_thumb_only             0x080000f5   Thumb Code     0  __scatter.o(!!!scatter)
    __scatterload_null                       0x08000103   Thumb Code     0  __scatter.o(!!!scatter)
    __scatterload_copy                       0x08000129   Thumb Code    26  __scatter_copy.o(!!handler_copy)
    __scatterload_zeroinit                   0x08000145   Thumb Code    28  __scatter_zi.o(!!handler_zi)
    _printf_d                                0x08000161   Thumb Code     0  _printf_d.o(.ARM.Collect$$_printf_percent$$00000009)
    _printf_percent                          0x08000161   Thumb Code     0  _printf_percent.o(.ARM.Collect$$_printf_percent$$00000000)
    _printf_percent_end                      0x08000167   Thumb Code     0  _printf_percent_end.o(.ARM.Collect$$_printf_percent$$00000017)
    __rt_lib_init                            0x0800016b   Thumb Code     0  libinit.o(.ARM.Collect$$libinit$$00000000)
    __rt_lib_init_alloca_1                   0x0800016d   Thumb Code     0  libinit2.o(.ARM.Collect$$libinit$$0000002E)
    __rt_lib_init_argv_1                     0x0800016d   Thumb Code     0  libinit2.o(.ARM.Collect$$libinit$$0000002C)
    __rt_lib_init_atexit_1                   0x0800016d   Thumb Code     0  libinit2.o(.ARM.Collect$$libinit$$0000001B)
    __rt_lib_init_clock_1                    0x0800016d   Thumb Code     0  libinit2.o(.ARM.Collect$$libinit$$00000021)
    __rt_lib_init_cpp_1                      0x0800016d   Thumb Code     0  libinit2.o(.ARM.Collect$$libinit$$00000032)
    __rt_lib_init_exceptions_1               0x0800016d   Thumb Code     0  libinit2.o(.ARM.Collect$$libinit$$00000030)
    __rt_lib_init_fp_1                       0x0800016d   Thumb Code     0  libinit2.o(.ARM.Collect$$libinit$$00000002)
    __rt_lib_init_fp_trap_1                  0x0800016d   Thumb Code     0  libinit2.o(.ARM.Collect$$libinit$$0000001F)
    __rt_lib_init_getenv_1                   0x0800016d   Thumb Code     0  libinit2.o(.ARM.Collect$$libinit$$00000023)
    __rt_lib_init_heap_1                     0x0800016d   Thumb Code     0  libinit2.o(.ARM.Collect$$libinit$$0000000A)
    __rt_lib_init_lc_collate_1               0x0800016d   Thumb Code     0  libinit2.o(.ARM.Collect$$libinit$$00000011)
    __rt_lib_init_lc_ctype_1                 0x0800016d   Thumb Code     0  libinit2.o(.ARM.Collect$$libinit$$00000013)
    __rt_lib_init_lc_monetary_1              0x0800016d   Thumb Code     0  libinit2.o(.ARM.Collect$$libinit$$00000015)
    __rt_lib_init_lc_numeric_1               0x0800016d   Thumb Code     0  libinit2.o(.ARM.Collect$$libinit$$00000017)
    __rt_lib_init_lc_time_1                  0x0800016d   Thumb Code     0  libinit2.o(.ARM.Collect$$libinit$$00000019)
    __rt_lib_init_preinit_1                  0x0800016d   Thumb Code     0  libinit2.o(.ARM.Collect$$libinit$$00000004)
    __rt_lib_init_rand_1                     0x0800016d   Thumb Code     0  libinit2.o(.ARM.Collect$$libinit$$0000000E)
    __rt_lib_init_return                     0x0800016d   Thumb Code     0  libinit2.o(.ARM.Collect$$libinit$$00000033)
    __rt_lib_init_signal_1                   0x0800016d   Thumb Code     0  libinit2.o(.ARM.Collect$$libinit$$0000001D)
    __rt_lib_init_stdio_1                    0x0800016d   Thumb Code     0  libinit2.o(.ARM.Collect$$libinit$$00000025)
    __rt_lib_init_user_alloc_1               0x0800016d   Thumb Code     0  libinit2.o(.ARM.Collect$$libinit$$0000000C)
    __rt_lib_shutdown                        0x0800016f   Thumb Code     0  libshutdown.o(.ARM.Collect$$libshutdown$$00000000)
    __rt_lib_shutdown_cpp_1                  0x08000171   Thumb Code     0  libshutdown2.o(.ARM.Collect$$libshutdown$$00000002)
    __rt_lib_shutdown_fp_trap_1              0x08000171   Thumb Code     0  libshutdown2.o(.ARM.Collect$$libshutdown$$00000007)
    __rt_lib_shutdown_heap_1                 0x08000171   Thumb Code     0  libshutdown2.o(.ARM.Collect$$libshutdown$$0000000F)
    __rt_lib_shutdown_return                 0x08000171   Thumb Code     0  libshutdown2.o(.ARM.Collect$$libshutdown$$00000010)
    __rt_lib_shutdown_signal_1               0x08000171   Thumb Code     0  libshutdown2.o(.ARM.Collect$$libshutdown$$0000000A)
    __rt_lib_shutdown_stdio_1                0x08000171   Thumb Code     0  libshutdown2.o(.ARM.Collect$$libshutdown$$00000004)
    __rt_lib_shutdown_user_alloc_1           0x08000171   Thumb Code     0  libshutdown2.o(.ARM.Collect$$libshutdown$$0000000C)
    __rt_entry                               0x08000173   Thumb Code     0  __rtentry.o(.ARM.Collect$$rtentry$$00000000)
    __rt_entry_presh_1                       0x08000173   Thumb Code     0  __rtentry2.o(.ARM.Collect$$rtentry$$00000002)
    __rt_entry_sh                            0x08000173   Thumb Code     0  __rtentry4.o(.ARM.Collect$$rtentry$$00000004)
    __rt_entry_li                            0x08000179   Thumb Code     0  __rtentry2.o(.ARM.Collect$$rtentry$$0000000A)
    __rt_entry_postsh_1                      0x08000179   Thumb Code     0  __rtentry2.o(.ARM.Collect$$rtentry$$00000009)
    __rt_entry_main                          0x0800017d   Thumb Code     0  __rtentry2.o(.ARM.Collect$$rtentry$$0000000D)
    __rt_entry_postli_1                      0x0800017d   Thumb Code     0  __rtentry2.o(.ARM.Collect$$rtentry$$0000000C)
    __rt_exit                                0x08000185   Thumb Code     0  rtexit.o(.ARM.Collect$$rtexit$$00000000)
    __rt_exit_ls                             0x08000187   Thumb Code     0  rtexit2.o(.ARM.Collect$$rtexit$$00000003)
    __rt_exit_prels_1                        0x08000187   Thumb Code     0  rtexit2.o(.ARM.Collect$$rtexit$$00000002)
    __rt_exit_exit                           0x0800018b   Thumb Code     0  rtexit2.o(.ARM.Collect$$rtexit$$00000004)
    Reset_Handler                            0x08000191   Thumb Code     8  startup_stm32f10x_md.o(.text)
    ADC1_2_IRQHandler                        0x080001ab   Thumb Code     0  startup_stm32f10x_md.o(.text)
    CAN1_RX1_IRQHandler                      0x080001ab   Thumb Code     0  startup_stm32f10x_md.o(.text)
    CAN1_SCE_IRQHandler                      0x080001ab   Thumb Code     0  startup_stm32f10x_md.o(.text)
    DMA1_Channel2_IRQHandler                 0x080001ab   Thumb Code     0  startup_stm32f10x_md.o(.text)
    DMA1_Channel3_IRQHandler                 0x080001ab   Thumb Code     0  startup_stm32f10x_md.o(.text)
    DMA1_Channel4_IRQHandler                 0x080001ab   Thumb Code     0  startup_stm32f10x_md.o(.text)
    DMA1_Channel5_IRQHandler                 0x080001ab   Thumb Code     0  startup_stm32f10x_md.o(.text)
    DMA1_Channel6_IRQHandler                 0x080001ab   Thumb Code     0  startup_stm32f10x_md.o(.text)
    DMA1_Channel7_IRQHandler                 0x080001ab   Thumb Code     0  startup_stm32f10x_md.o(.text)
    EXTI3_IRQHandler                         0x080001ab   Thumb Code     0  startup_stm32f10x_md.o(.text)
    FLASH_IRQHandler                         0x080001ab   Thumb Code     0  startup_stm32f10x_md.o(.text)
    I2C1_ER_IRQHandler                       0x080001ab   Thumb Code     0  startup_stm32f10x_md.o(.text)
    I2C1_EV_IRQHandler                       0x080001ab   Thumb Code     0  startup_stm32f10x_md.o(.text)
    I2C2_ER_IRQHandler                       0x080001ab   Thumb Code     0  startup_stm32f10x_md.o(.text)
    I2C2_EV_IRQHandler                       0x080001ab   Thumb Code     0  startup_stm32f10x_md.o(.text)
    PVD_IRQHandler                           0x080001ab   Thumb Code     0  startup_stm32f10x_md.o(.text)
    RCC_IRQHandler                           0x080001ab   Thumb Code     0  startup_stm32f10x_md.o(.text)
    RTCAlarm_IRQHandler                      0x080001ab   Thumb Code     0  startup_stm32f10x_md.o(.text)
    RTC_IRQHandler                           0x080001ab   Thumb Code     0  startup_stm32f10x_md.o(.text)
    SPI1_IRQHandler                          0x080001ab   Thumb Code     0  startup_stm32f10x_md.o(.text)
    SPI2_IRQHandler                          0x080001ab   Thumb Code     0  startup_stm32f10x_md.o(.text)
    TAMPER_IRQHandler                        0x080001ab   Thumb Code     0  startup_stm32f10x_md.o(.text)
    TIM1_BRK_IRQHandler                      0x080001ab   Thumb Code     0  startup_stm32f10x_md.o(.text)
    TIM1_CC_IRQHandler                       0x080001ab   Thumb Code     0  startup_stm32f10x_md.o(.text)
    TIM1_TRG_COM_IRQHandler                  0x080001ab   Thumb Code     0  startup_stm32f10x_md.o(.text)
    TIM1_UP_IRQHandler                       0x080001ab   Thumb Code     0  startup_stm32f10x_md.o(.text)
    TIM4_IRQHandler                          0x080001ab   Thumb Code     0  startup_stm32f10x_md.o(.text)
    USART1_IRQHandler                        0x080001ab   Thumb Code     0  startup_stm32f10x_md.o(.text)
    USART2_IRQHandler                        0x080001ab   Thumb Code     0  startup_stm32f10x_md.o(.text)
    USART3_IRQHandler                        0x080001ab   Thumb Code     0  startup_stm32f10x_md.o(.text)
    USBWakeUp_IRQHandler                     0x080001ab   Thumb Code     0  startup_stm32f10x_md.o(.text)
    WWDG_IRQHandler                          0x080001ab   Thumb Code     0  startup_stm32f10x_md.o(.text)
    __user_initial_stackheap                 0x080001ad   Thumb Code     0  startup_stm32f10x_md.o(.text)
    __use_no_semihosting                     0x080001d1   Thumb Code     2  use_no_semi_2.o(.text)
    __2printf                                0x080001d5   Thumb Code    20  noretval__2printf.o(.text)
    __printf                                 0x080001ed   Thumb Code   104  __printf.o(.text)
    _printf_int_dec                          0x08000255   Thumb Code   104  _printf_dec.o(.text)
    __aeabi_memcpy4                          0x080002cd   Thumb Code     0  rt_memcpy_w.o(.text)
    __aeabi_memcpy8                          0x080002cd   Thumb Code     0  rt_memcpy_w.o(.text)
    __rt_memcpy_w                            0x080002cd   Thumb Code   100  rt_memcpy_w.o(.text)
    _memcpy_lastbytes_aligned                0x08000315   Thumb Code     0  rt_memcpy_w.o(.text)
    __use_two_region_memory                  0x08000331   Thumb Code     2  heapauxi.o(.text)
    __rt_heap_escrow$2region                 0x08000333   Thumb Code     2  heapauxi.o(.text)
    __rt_heap_expand$2region                 0x08000335   Thumb Code     2  heapauxi.o(.text)
    __I$use$semihosting                      0x08000337   Thumb Code     0  use_no_semi.o(.text)
    __use_no_semihosting_swi                 0x08000337   Thumb Code     2  use_no_semi.o(.text)
    _printf_int_common                       0x08000339   Thumb Code   178  _printf_intcommon.o(.text)
    _printf_char_file                        0x080003ed   Thumb Code    32  _printf_char_file.o(.text)
    _printf_char_common                      0x0800041b   Thumb Code    32  _printf_char_common.o(.text)
    ferror                                   0x08000441   Thumb Code     8  ferror.o(.text)
    __user_setup_stackheap                   0x08000449   Thumb Code    74  sys_stackheap_outer.o(.text)
    exit                                     0x08000493   Thumb Code    18  exit.o(.text)
    __user_libspace                          0x080004a5   Thumb Code     8  libspace.o(.text)
    __user_perproc_libspace                  0x080004a5   Thumb Code     0  libspace.o(.text)
    __user_perthread_libspace                0x080004a5   Thumb Code     0  libspace.o(.text)
    ADC_Cmd                                  0x080004ad   Thumb Code    22  stm32f10x_adc.o(i.ADC_Cmd)
    ADC_DMACmd                               0x080004c3   Thumb Code    22  stm32f10x_adc.o(i.ADC_DMACmd)
    ADC_DeInit                               0x080004d9   Thumb Code    78  stm32f10x_adc.o(i.ADC_DeInit)
    ADC_GetCalibrationStatus                 0x08000535   Thumb Code    20  stm32f10x_adc.o(i.ADC_GetCalibrationStatus)
    ADC_GetResetCalibrationStatus            0x08000549   Thumb Code    20  stm32f10x_adc.o(i.ADC_GetResetCalibrationStatus)
    ADC_Init                                 0x0800055d   Thumb Code    70  stm32f10x_adc.o(i.ADC_Init)
    ADC_Initial                              0x080005ad   Thumb Code   336  adc.o(i.ADC_Initial)
    ADC_RegularChannelConfig                 0x08000711   Thumb Code   184  stm32f10x_adc.o(i.ADC_RegularChannelConfig)
    ADC_ResetCalibration                     0x080007c9   Thumb Code    10  stm32f10x_adc.o(i.ADC_ResetCalibration)
    ADC_SoftwareStartConvCmd                 0x080007d3   Thumb Code    22  stm32f10x_adc.o(i.ADC_SoftwareStartConvCmd)
    ADC_StartCalibration                     0x080007e9   Thumb Code    10  stm32f10x_adc.o(i.ADC_StartCalibration)
    AT24CXX_Check                            0x080007f3   Thumb Code    46  24c02.o(i.AT24CXX_Check)
    AT24CXX_Init                             0x08000821   Thumb Code    16  24c02.o(i.AT24CXX_Init)
    AT24CXX_ReadOneByte                      0x08000831   Thumb Code    60  24c02.o(i.AT24CXX_ReadOneByte)
    AT24CXX_WriteOneByte                     0x0800086d   Thumb Code    52  24c02.o(i.AT24CXX_WriteOneByte)
    BusFault_Handler                         0x080008a1   Thumb Code     4  stm32f10x_it.o(i.BusFault_Handler)
    CAN1_Initial                             0x080008a5   Thumb Code   342  can.o(i.CAN1_Initial)
    CAN_ClearITPendingBit                    0x08000a05   Thumb Code   162  stm32f10x_can.o(i.CAN_ClearITPendingBit)
    CAN_FIFORelease                          0x08000aad   Thumb Code    22  stm32f10x_can.o(i.CAN_FIFORelease)
    CAN_FilterInit                           0x08000ac5   Thumb Code   258  stm32f10x_can.o(i.CAN_FilterInit)
    CAN_GetITStatus                          0x08000bcd   Thumb Code   284  stm32f10x_can.o(i.CAN_GetITStatus)
    CAN_ITConfig                             0x08000ced   Thumb Code    18  stm32f10x_can.o(i.CAN_ITConfig)
    CAN_Init                                 0x08000cff   Thumb Code   276  stm32f10x_can.o(i.CAN_Init)
    CAN_Receive                              0x08000e13   Thumb Code   240  stm32f10x_can.o(i.CAN_Receive)
    CAP_Initial                              0x08000f05   Thumb Code   320  cap.o(i.CAP_Initial)
    Current_FB                               0x08001061   Thumb Code    84  main.o(i.Current_FB)
    DMA1_Channel1_IRQHandler                 0x080010c1   Thumb Code    96  adc.o(i.DMA1_Channel1_IRQHandler)
    DMA_ClearITPendingBit                    0x08001129   Thumb Code    18  stm32f10x_dma.o(i.DMA_ClearITPendingBit)
    DMA_Cmd                                  0x08001145   Thumb Code    24  stm32f10x_dma.o(i.DMA_Cmd)
    DMA_DeInit                               0x0800115d   Thumb Code   324  stm32f10x_dma.o(i.DMA_DeInit)
    DMA_ITConfig                             0x080012a9   Thumb Code    18  stm32f10x_dma.o(i.DMA_ITConfig)
    DMA_Init                                 0x080012bb   Thumb Code    60  stm32f10x_dma.o(i.DMA_Init)
    DebugMon_Handler                         0x080012f7   Thumb Code     2  stm32f10x_it.o(i.DebugMon_Handler)
    EXTI0_IRQHandler                         0x080012f9   Thumb Code   196  main.o(i.EXTI0_IRQHandler)
    EXTI15_10_IRQHandler                     0x080013d1   Thumb Code    74  main.o(i.EXTI15_10_IRQHandler)
    EXTI1_IRQHandler                         0x08001425   Thumb Code   196  main.o(i.EXTI1_IRQHandler)
    EXTI2_IRQHandler                         0x080014fd   Thumb Code   196  main.o(i.EXTI2_IRQHandler)
    EXTI4_IRQHandler                         0x080015d5   Thumb Code   404  main.o(i.EXTI4_IRQHandler)
    EXTI9_5_IRQHandler                       0x080017cd   Thumb Code    72  main.o(i.EXTI9_5_IRQHandler)
    EXTI_ClearITPendingBit                   0x0800181d   Thumb Code     6  stm32f10x_exti.o(i.EXTI_ClearITPendingBit)
    EXTI_DeInit                              0x08001829   Thumb Code    28  stm32f10x_exti.o(i.EXTI_DeInit)
    EXTI_GenerateSWInterrupt                 0x0800184d   Thumb Code    12  stm32f10x_exti.o(i.EXTI_GenerateSWInterrupt)
    EXTI_GetITStatus                         0x0800185d   Thumb Code    34  stm32f10x_exti.o(i.EXTI_GetITStatus)
    EXTI_Init                                0x08001885   Thumb Code   142  stm32f10x_exti.o(i.EXTI_Init)
    EXTI_MOTOR_Phas_Initial                  0x08001919   Thumb Code   346  exti.o(i.EXTI_MOTOR_Phas_Initial)
    FLASH_PrefetchBufferCmd                  0x08001a79   Thumb Code    22  stm32f10x_flash.o(i.FLASH_PrefetchBufferCmd)
    FLASH_SetLatency                         0x08001a95   Thumb Code    18  stm32f10x_flash.o(i.FLASH_SetLatency)
    GPIO_EXTILineConfig                      0x08001aad   Thumb Code    60  stm32f10x_gpio.o(i.GPIO_EXTILineConfig)
    GPIO_Init                                0x08001aed   Thumb Code   278  stm32f10x_gpio.o(i.GPIO_Init)
    GPIO_PinRemapConfig                      0x08001c05   Thumb Code   138  stm32f10x_gpio.o(i.GPIO_PinRemapConfig)
    GPIO_ResetBits                           0x08001c95   Thumb Code     4  stm32f10x_gpio.o(i.GPIO_ResetBits)
    GPIO_SetBits                             0x08001c99   Thumb Code     4  stm32f10x_gpio.o(i.GPIO_SetBits)
    HardFault_Handler                        0x08001c9d   Thumb Code     4  stm32f10x_it.o(i.HardFault_Handler)
    IIC_Ack                                  0x08001ca1   Thumb Code    66  iic.o(i.IIC_Ack)
    IIC_Init                                 0x08001cf1   Thumb Code    96  iic.o(i.IIC_Init)
    IIC_NAck                                 0x08001d59   Thumb Code    66  iic.o(i.IIC_NAck)
    IIC_Read_Byte                            0x08001da9   Thumb Code    98  iic.o(i.IIC_Read_Byte)
    IIC_Send_Byte                            0x08001e19   Thumb Code    90  iic.o(i.IIC_Send_Byte)
    IIC_Start                                0x08001e81   Thumb Code    64  iic.o(i.IIC_Start)
    IIC_Stop                                 0x08001ecd   Thumb Code    70  iic.o(i.IIC_Stop)
    IIC_Wait_Ack                             0x08001f21   Thumb Code    86  iic.o(i.IIC_Wait_Ack)
    KEY_FB                                   0x08001f85   Thumb Code   180  key.o(i.KEY_FB)
    KEY_Initial                              0x0800203d   Thumb Code    40  key.o(i.KEY_Initial)
    LED_Initial                              0x08002069   Thumb Code    56  led.o(i.LED_Initial)
    MOTOR_Dir                                0x080020ad   Thumb Code    26  main.o(i.MOTOR_Dir)
    MOTOR_GPIO_Initial                       0x080020cd   Thumb Code    68  motor.o(i.MOTOR_GPIO_Initial)
    MOTOR_Get_G                              0x08002119   Thumb Code    26  motor.o(i.MOTOR_Get_G)
    MOTOR_HALL_Initial                       0x0800213d   Thumb Code    38  motor.o(i.MOTOR_HALL_Initial)
    MOTOR_PWM_SAFE                           0x08002169   Thumb Code    32  main.o(i.MOTOR_PWM_SAFE)
    MOTOR_Phase                              0x08002191   Thumb Code   334  motor.o(i.MOTOR_Phase)
    MOTOR_RESET                              0x080022f1   Thumb Code    50  main.o(i.MOTOR_RESET)
    MOTOR_Set_Status                         0x08002339   Thumb Code    24  main.o(i.MOTOR_Set_Status)
    MOTOR_UP                                 0x08002355   Thumb Code   154  motor.o(i.MOTOR_UP)
    MemManage_Handler                        0x080023ef   Thumb Code     4  stm32f10x_it.o(i.MemManage_Handler)
    NMI_Handler                              0x080023f3   Thumb Code     2  stm32f10x_it.o(i.NMI_Handler)
    NVIC_Init                                0x080023f5   Thumb Code   100  misc.o(i.NVIC_Init)
    NVIC_PriorityGroupConfig                 0x08002465   Thumb Code    10  misc.o(i.NVIC_PriorityGroupConfig)
    PID_Handle                               0x08002479   Thumb Code   188  pid.o(i.PID_Handle)
    PID_Initial                              0x08002535   Thumb Code    26  pid.o(i.PID_Initial)
    PID_SAFE_Correct                         0x0800254f   Thumb Code    18  main.o(i.PID_SAFE_Correct)
    PendSV_Handler                           0x08002561   Thumb Code     2  stm32f10x_it.o(i.PendSV_Handler)
    RCC_ADCCLKConfig                         0x08002565   Thumb Code    18  stm32f10x_rcc.o(i.RCC_ADCCLKConfig)
    RCC_AHBPeriphClockCmd                    0x0800257d   Thumb Code    26  stm32f10x_rcc.o(i.RCC_AHBPeriphClockCmd)
    RCC_APB1PeriphClockCmd                   0x0800259d   Thumb Code    26  stm32f10x_rcc.o(i.RCC_APB1PeriphClockCmd)
    RCC_APB2PeriphClockCmd                   0x080025bd   Thumb Code    26  stm32f10x_rcc.o(i.RCC_APB2PeriphClockCmd)
    RCC_APB2PeriphResetCmd                   0x080025dd   Thumb Code    26  stm32f10x_rcc.o(i.RCC_APB2PeriphResetCmd)
    RCC_DeInit                               0x080025fd   Thumb Code    64  stm32f10x_rcc.o(i.RCC_DeInit)
    RCC_GetClocksFreq                        0x08002649   Thumb Code   192  stm32f10x_rcc.o(i.RCC_GetClocksFreq)
    RCC_GetFlagStatus                        0x0800271d   Thumb Code    56  stm32f10x_rcc.o(i.RCC_GetFlagStatus)
    RCC_GetSYSCLKSource                      0x08002759   Thumb Code    10  stm32f10x_rcc.o(i.RCC_GetSYSCLKSource)
    RCC_HCLKConfig                           0x08002769   Thumb Code    18  stm32f10x_rcc.o(i.RCC_HCLKConfig)
    RCC_HSEConfig                            0x08002781   Thumb Code    70  stm32f10x_rcc.o(i.RCC_HSEConfig)
    RCC_Initial                              0x080027cd   Thumb Code   108  main.o(i.RCC_Initial)
    RCC_PCLK1Config                          0x08002839   Thumb Code    18  stm32f10x_rcc.o(i.RCC_PCLK1Config)
    RCC_PCLK2Config                          0x08002851   Thumb Code    20  stm32f10x_rcc.o(i.RCC_PCLK2Config)
    RCC_PLLCmd                               0x08002869   Thumb Code     6  stm32f10x_rcc.o(i.RCC_PLLCmd)
    RCC_PLLConfig                            0x08002875   Thumb Code    24  stm32f10x_rcc.o(i.RCC_PLLConfig)
    RCC_SYSCLKConfig                         0x08002891   Thumb Code    18  stm32f10x_rcc.o(i.RCC_SYSCLKConfig)
    RCC_WaitForHSEStartUp                    0x080028a9   Thumb Code    56  stm32f10x_rcc.o(i.RCC_WaitForHSEStartUp)
    SET_NUM_ESC                              0x080028e1   Thumb Code   516  main.o(i.SET_NUM_ESC)
    SVC_Handler                              0x08002af5   Thumb Code     2  stm32f10x_it.o(i.SVC_Handler)
    SysTick_CLKSourceConfig                  0x08002be1   Thumb Code    40  misc.o(i.SysTick_CLKSourceConfig)
    SysTick_Handler                          0x08002c09   Thumb Code     2  stm32f10x_it.o(i.SysTick_Handler)
    SystemInit                               0x08002c0d   Thumb Code    78  system_stm32f10x.o(i.SystemInit)
    TIM2_IRQHandler                          0x08002ead   Thumb Code   210  cap.o(i.TIM2_IRQHandler)
    TIM3_IRQHandler                          0x08002f8d   Thumb Code   202  cap.o(i.TIM3_IRQHandler)
    TIM_ARRPreloadConfig                     0x0800307d   Thumb Code    24  stm32f10x_tim.o(i.TIM_ARRPreloadConfig)
    TIM_ClearITPendingBit                    0x08003095   Thumb Code     6  stm32f10x_tim.o(i.TIM_ClearITPendingBit)
    TIM_Cmd                                  0x0800309b   Thumb Code    24  stm32f10x_tim.o(i.TIM_Cmd)
    TIM_CtrlPWMOutputs                       0x080030b3   Thumb Code    30  stm32f10x_tim.o(i.TIM_CtrlPWMOutputs)
    TIM_GetCapture1                          0x080030d1   Thumb Code     6  stm32f10x_tim.o(i.TIM_GetCapture1)
    TIM_GetCapture2                          0x080030d7   Thumb Code     6  stm32f10x_tim.o(i.TIM_GetCapture2)
    TIM_GetCapture3                          0x080030dd   Thumb Code     6  stm32f10x_tim.o(i.TIM_GetCapture3)
    TIM_GetITStatus                          0x080030e3   Thumb Code    34  stm32f10x_tim.o(i.TIM_GetITStatus)
    TIM_ICInit                               0x08003105   Thumb Code   150  stm32f10x_tim.o(i.TIM_ICInit)
    TIM_ITConfig                             0x080031b1   Thumb Code    18  stm32f10x_tim.o(i.TIM_ITConfig)
    TIM_OC2Init                              0x080031c5   Thumb Code   154  stm32f10x_tim.o(i.TIM_OC2Init)
    TIM_OC2PreloadConfig                     0x08003269   Thumb Code    26  stm32f10x_tim.o(i.TIM_OC2PreloadConfig)
    TIM_PWM_Initial                          0x08003285   Thumb Code   146  tim.o(i.TIM_PWM_Initial)
    TIM_SetCompare2                          0x08003321   Thumb Code     4  stm32f10x_tim.o(i.TIM_SetCompare2)
    TIM_SetCounter                           0x08003325   Thumb Code     4  stm32f10x_tim.o(i.TIM_SetCounter)
    TIM_SetIC1Prescaler                      0x08003329   Thumb Code    18  stm32f10x_tim.o(i.TIM_SetIC1Prescaler)
    TIM_SetIC2Prescaler                      0x0800333b   Thumb Code    26  stm32f10x_tim.o(i.TIM_SetIC2Prescaler)
    TIM_SetIC3Prescaler                      0x08003355   Thumb Code    18  stm32f10x_tim.o(i.TIM_SetIC3Prescaler)
    TIM_SetIC4Prescaler                      0x08003367   Thumb Code    26  stm32f10x_tim.o(i.TIM_SetIC4Prescaler)
    TIM_TimeBaseInit                         0x08003381   Thumb Code   122  stm32f10x_tim.o(i.TIM_TimeBaseInit)
    UART1_Initial                            0x08003425   Thumb Code   166  uart.o(i.UART1_Initial)
    USART_Cmd                                0x080034d5   Thumb Code    24  stm32f10x_usart.o(i.USART_Cmd)
    USART_ITConfig                           0x080034ed   Thumb Code    74  stm32f10x_usart.o(i.USART_ITConfig)
    USART_Init                               0x08003539   Thumb Code   210  stm32f10x_usart.o(i.USART_Init)
    USB_HP_CAN1_TX_IRQHandler                0x08003611   Thumb Code    22  main.o(i.USB_HP_CAN1_TX_IRQHandler)
    USB_LP_CAN1_RX0_IRQHandler               0x0800362d   Thumb Code   252  main.o(i.USB_LP_CAN1_RX0_IRQHandler)
    UsageFault_Handler                       0x08003745   Thumb Code     4  stm32f10x_it.o(i.UsageFault_Handler)
    _sys_exit                                0x08003749   Thumb Code     6  uart.o(i._sys_exit)
    delay_init                               0x08003751   Thumb Code    50  delay.o(i.delay_init)
    delay_ms                                 0x08003795   Thumb Code    72  delay.o(i.delay_ms)
    delay_us                                 0x080037e1   Thumb Code    72  delay.o(i.delay_us)
    fputc                                    0x0800382d   Thumb Code    24  uart.o(i.fputc)
    main                                     0x08003849   Thumb Code   280  main.o(i.main)
    __aeabi_dadd                             0x08003989   Thumb Code     0  daddsub_clz.o(x$fpl$dadd)
    _dadd                                    0x08003989   Thumb Code   332  daddsub_clz.o(x$fpl$dadd)
    __aeabi_ddiv                             0x08003ad9   Thumb Code     0  ddiv.o(x$fpl$ddiv)
    _ddiv                                    0x08003ad9   Thumb Code   552  ddiv.o(x$fpl$ddiv)
    __aeabi_d2iz                             0x08003d89   Thumb Code     0  dfix.o(x$fpl$dfix)
    _dfix                                    0x08003d89   Thumb Code    94  dfix.o(x$fpl$dfix)
    __aeabi_d2uiz                            0x08003de9   Thumb Code     0  dfixu.o(x$fpl$dfixu)
    _dfixu                                   0x08003de9   Thumb Code    90  dfixu.o(x$fpl$dfixu)
    __aeabi_i2d                              0x08003e43   Thumb Code     0  dflt_clz.o(x$fpl$dflt)
    _dflt                                    0x08003e43   Thumb Code    46  dflt_clz.o(x$fpl$dflt)
    __aeabi_ui2d                             0x08003e71   Thumb Code     0  dflt_clz.o(x$fpl$dfltu)
    _dfltu                                   0x08003e71   Thumb Code    38  dflt_clz.o(x$fpl$dfltu)
    __aeabi_dmul                             0x08003e99   Thumb Code     0  dmul.o(x$fpl$dmul)
    _dmul                                    0x08003e99   Thumb Code   332  dmul.o(x$fpl$dmul)
    __fpl_dnaninf                            0x08003fed   Thumb Code   156  dnaninf.o(x$fpl$dnaninf)
    __fpl_dretinf                            0x08004089   Thumb Code    12  dretinf.o(x$fpl$dretinf)
    __aeabi_dsub                             0x08004095   Thumb Code     0  daddsub_clz.o(x$fpl$dsub)
    _dsub                                    0x08004095   Thumb Code   464  daddsub_clz.o(x$fpl$dsub)
    __aeabi_fadd                             0x08004269   Thumb Code     0  faddsub_clz.o(x$fpl$fadd)
    _fadd                                    0x08004269   Thumb Code   196  faddsub_clz.o(x$fpl$fadd)
    __aeabi_fdiv                             0x0800432d   Thumb Code     0  fdiv.o(x$fpl$fdiv)
    _fdiv                                    0x0800432d   Thumb Code   384  fdiv.o(x$fpl$fdiv)
    __aeabi_f2iz                             0x080044b1   Thumb Code     0  ffix.o(x$fpl$ffix)
    _ffix                                    0x080044b1   Thumb Code    54  ffix.o(x$fpl$ffix)
    __aeabi_f2uiz                            0x080044e9   Thumb Code     0  ffixu.o(x$fpl$ffixu)
    _ffixu                                   0x080044e9   Thumb Code    62  ffixu.o(x$fpl$ffixu)
    __aeabi_i2f                              0x08004529   Thumb Code     0  fflt_clz.o(x$fpl$fflt)
    _fflt                                    0x08004529   Thumb Code    48  fflt_clz.o(x$fpl$fflt)
    __aeabi_fmul                             0x08004559   Thumb Code     0  fmul.o(x$fpl$fmul)
    _fmul                                    0x08004559   Thumb Code   258  fmul.o(x$fpl$fmul)
    __fpl_fnaninf                            0x0800465b   Thumb Code   140  fnaninf.o(x$fpl$fnaninf)
    __fpl_fretinf                            0x080046e7   Thumb Code    10  fretinf.o(x$fpl$fretinf)
    __aeabi_fsub                             0x080046f1   Thumb Code     0  faddsub_clz.o(x$fpl$fsub)
    _fsub                                    0x080046f1   Thumb Code   234  faddsub_clz.o(x$fpl$fsub)
    G_IN                                     0x080047da   Data           6  motor.o(.constdata)
    __I$use$fp                               0x080047da   Number         0  usenofp.o(x$fpl$usenofp)
    Region$$Table$$Base                      0x080047e0   Number         0  anon$$obj.o(Region$$Table)
    Region$$Table$$Limit                     0x08004800   Number         0  anon$$obj.o(Region$$Table)
    KEY_STA                                  0x20000000   Data           1  main.o(.data)
    G_Data                                   0x20000001   Data           1  main.o(.data)
    CAN_Send_DATA                            0x20000002   Data           8  main.o(.data)
    Current                                  0x2000000a   Data           2  main.o(.data)
    ADC_GET                                  0x2000000c   Data           2  main.o(.data)
    MOTOR_Handler                            0x2000000e   Data           6  main.o(.data)
    SPEED_LAST                               0x20000014   Data           2  main.o(.data)
    MOTOR_PWM                                0x20000016   Data           2  main.o(.data)
    Num_ESC                                  0x20000018   Data           1  main.o(.data)
    CW_CCW                                   0x20000019   Data           1  main.o(.data)
    PID1_KP                                  0x2000001c   Data           4  main.o(.data)
    PID1_KI                                  0x20000020   Data           4  main.o(.data)
    PID1_KD                                  0x20000024   Data           4  main.o(.data)
    K_PWM                                    0x20000028   Data           4  main.o(.data)
    PID1_KP_S                                0x2000002c   Data           4  main.o(.data)
    PID1_KI_S                                0x20000030   Data           4  main.o(.data)
    PID1_KD_S                                0x20000034   Data           4  main.o(.data)
    SystemCoreClock                          0x20000038   Data           4  system_stm32f10x.o(.data)
    AHBPrescTable                            0x2000003c   Data          16  system_stm32f10x.o(.data)
    ADC_VALUE                                0x20000050   Data           6  adc.o(.data)
    CAN_Read_DATA                            0x20000056   Data           8  can.o(.data)
    MOTOR_Satus_Last                         0x2000005e   Data           1  motor.o(.data)
    MOTOR_Satus                              0x2000005f   Data           1  motor.o(.data)
    MOTOR_ON_Satus                           0x20000060   Data           1  motor.o(.data)
    CCR2_Value                               0x20000064   Data           6  cap.o(.data)
    ERROR_Flag                               0x2000006a   Data           1  cap.o(.data)
    ERROR_TIME                               0x2000006b   Data           1  cap.o(.data)
    ERROR_BUF                                0x2000006c   Data           2  cap.o(.data)
    CAPTURE_STA                              0x2000006e   Data           1  cap.o(.data)
    SPEED_BUF                                0x20000070   Data           4  cap.o(.data)
    SPEED_TIME                               0x20000074   Data           2  cap.o(.data)
    SPEED_VALUE                              0x20000076   Data           2  cap.o(.data)
    time                                     0x20000078   Data           2  cap.o(.data)
    __stdout                                 0x2000007c   Data           4  uart.o(.data)
    PID1                                     0x20000094   Data          52  main.o(.bss)
    ADC_BUF                                  0x200000c8   Data         300  adc.o(.bss)
    __libspace_start                         0x200001f4   Data          96  libspace.o(.bss)
    __temporary_stack_top$libspace           0x20000254   Data           0  libspace.o(.bss)



==============================================================================

Memory Map of the image

  Image Entry point : 0x080000ed

  Load Region LR_IROM1 (Base: 0x08000000, Size: 0x00004894, Max: 0x00020000, ABSOLUTE)

    Execution Region ER_IROM1 (Base: 0x08000000, Size: 0x00004800, Max: 0x00020000, ABSOLUTE)

    Base Addr    Size         Type   Attr      Idx    E Section Name        Object

    0x08000000   0x000000ec   Data   RO           19    RESET               startup_stm32f10x_md.o
    0x080000ec   0x00000008   Code   RO         2717  * !!!main             c_w.l(__main.o)
    0x080000f4   0x00000034   Code   RO         2946    !!!scatter          c_w.l(__scatter.o)
    0x08000128   0x0000001a   Code   RO         2948    !!handler_copy      c_w.l(__scatter_copy.o)
    0x08000142   0x00000002   PAD
    0x08000144   0x0000001c   Code   RO         2950    !!handler_zi        c_w.l(__scatter_zi.o)
    0x08000160   0x00000000   Code   RO         2712    .ARM.Collect$$_printf_percent$$00000000  c_w.l(_printf_percent.o)
    0x08000160   0x00000006   Code   RO         2711    .ARM.Collect$$_printf_percent$$00000009  c_w.l(_printf_d.o)
    0x08000166   0x00000004   Code   RO         2778    .ARM.Collect$$_printf_percent$$00000017  c_w.l(_printf_percent_end.o)
    0x0800016a   0x00000002   Code   RO         2820    .ARM.Collect$$libinit$$00000000  c_w.l(libinit.o)
    0x0800016c   0x00000000   Code   RO         2827    .ARM.Collect$$libinit$$00000002  c_w.l(libinit2.o)
    0x0800016c   0x00000000   Code   RO         2829    .ARM.Collect$$libinit$$00000004  c_w.l(libinit2.o)
    0x0800016c   0x00000000   Code   RO         2832    .ARM.Collect$$libinit$$0000000A  c_w.l(libinit2.o)
    0x0800016c   0x00000000   Code   RO         2834    .ARM.Collect$$libinit$$0000000C  c_w.l(libinit2.o)
    0x0800016c   0x00000000   Code   RO         2836    .ARM.Collect$$libinit$$0000000E  c_w.l(libinit2.o)
    0x0800016c   0x00000000   Code   RO         2839    .ARM.Collect$$libinit$$00000011  c_w.l(libinit2.o)
    0x0800016c   0x00000000   Code   RO         2841    .ARM.Collect$$libinit$$00000013  c_w.l(libinit2.o)
    0x0800016c   0x00000000   Code   RO         2843    .ARM.Collect$$libinit$$00000015  c_w.l(libinit2.o)
    0x0800016c   0x00000000   Code   RO         2845    .ARM.Collect$$libinit$$00000017  c_w.l(libinit2.o)
    0x0800016c   0x00000000   Code   RO         2847    .ARM.Collect$$libinit$$00000019  c_w.l(libinit2.o)
    0x0800016c   0x00000000   Code   RO         2849    .ARM.Collect$$libinit$$0000001B  c_w.l(libinit2.o)
    0x0800016c   0x00000000   Code   RO         2851    .ARM.Collect$$libinit$$0000001D  c_w.l(libinit2.o)
    0x0800016c   0x00000000   Code   RO         2853    .ARM.Collect$$libinit$$0000001F  c_w.l(libinit2.o)
    0x0800016c   0x00000000   Code   RO         2855    .ARM.Collect$$libinit$$00000021  c_w.l(libinit2.o)
    0x0800016c   0x00000000   Code   RO         2857    .ARM.Collect$$libinit$$00000023  c_w.l(libinit2.o)
    0x0800016c   0x00000000   Code   RO         2859    .ARM.Collect$$libinit$$00000025  c_w.l(libinit2.o)
    0x0800016c   0x00000000   Code   RO         2863    .ARM.Collect$$libinit$$0000002C  c_w.l(libinit2.o)
    0x0800016c   0x00000000   Code   RO         2865    .ARM.Collect$$libinit$$0000002E  c_w.l(libinit2.o)
    0x0800016c   0x00000000   Code   RO         2867    .ARM.Collect$$libinit$$00000030  c_w.l(libinit2.o)
    0x0800016c   0x00000000   Code   RO         2869    .ARM.Collect$$libinit$$00000032  c_w.l(libinit2.o)
    0x0800016c   0x00000002   Code   RO         2870    .ARM.Collect$$libinit$$00000033  c_w.l(libinit2.o)
    0x0800016e   0x00000002   Code   RO         2888    .ARM.Collect$$libshutdown$$00000000  c_w.l(libshutdown.o)
    0x08000170   0x00000000   Code   RO         2898    .ARM.Collect$$libshutdown$$00000002  c_w.l(libshutdown2.o)
    0x08000170   0x00000000   Code   RO         2900    .ARM.Collect$$libshutdown$$00000004  c_w.l(libshutdown2.o)
    0x08000170   0x00000000   Code   RO         2903    .ARM.Collect$$libshutdown$$00000007  c_w.l(libshutdown2.o)
    0x08000170   0x00000000   Code   RO         2906    .ARM.Collect$$libshutdown$$0000000A  c_w.l(libshutdown2.o)
    0x08000170   0x00000000   Code   RO         2908    .ARM.Collect$$libshutdown$$0000000C  c_w.l(libshutdown2.o)
    0x08000170   0x00000000   Code   RO         2911    .ARM.Collect$$libshutdown$$0000000F  c_w.l(libshutdown2.o)
    0x08000170   0x00000002   Code   RO         2912    .ARM.Collect$$libshutdown$$00000010  c_w.l(libshutdown2.o)
    0x08000172   0x00000000   Code   RO         2773    .ARM.Collect$$rtentry$$00000000  c_w.l(__rtentry.o)
    0x08000172   0x00000000   Code   RO         2789    .ARM.Collect$$rtentry$$00000002  c_w.l(__rtentry2.o)
    0x08000172   0x00000006   Code   RO         2801    .ARM.Collect$$rtentry$$00000004  c_w.l(__rtentry4.o)
    0x08000178   0x00000000   Code   RO         2791    .ARM.Collect$$rtentry$$00000009  c_w.l(__rtentry2.o)
    0x08000178   0x00000004   Code   RO         2792    .ARM.Collect$$rtentry$$0000000A  c_w.l(__rtentry2.o)
    0x0800017c   0x00000000   Code   RO         2794    .ARM.Collect$$rtentry$$0000000C  c_w.l(__rtentry2.o)
    0x0800017c   0x00000008   Code   RO         2795    .ARM.Collect$$rtentry$$0000000D  c_w.l(__rtentry2.o)
    0x08000184   0x00000002   Code   RO         2824    .ARM.Collect$$rtexit$$00000000  c_w.l(rtexit.o)
    0x08000186   0x00000000   Code   RO         2872    .ARM.Collect$$rtexit$$00000002  c_w.l(rtexit2.o)
    0x08000186   0x00000004   Code   RO         2873    .ARM.Collect$$rtexit$$00000003  c_w.l(rtexit2.o)
    0x0800018a   0x00000006   Code   RO         2874    .ARM.Collect$$rtexit$$00000004  c_w.l(rtexit2.o)
    0x08000190   0x00000040   Code   RO           20    .text               startup_stm32f10x_md.o
    0x080001d0   0x00000002   Code   RO         2681    .text               c_w.l(use_no_semi_2.o)
    0x080001d2   0x00000002   PAD
    0x080001d4   0x00000018   Code   RO         2685    .text               c_w.l(noretval__2printf.o)
    0x080001ec   0x00000068   Code   RO         2687    .text               c_w.l(__printf.o)
    0x08000254   0x00000078   Code   RO         2689    .text               c_w.l(_printf_dec.o)
    0x080002cc   0x00000064   Code   RO         2713    .text               c_w.l(rt_memcpy_w.o)
    0x08000330   0x00000006   Code   RO         2715    .text               c_w.l(heapauxi.o)
    0x08000336   0x00000002   Code   RO         2771    .text               c_w.l(use_no_semi.o)
    0x08000338   0x000000b2   Code   RO         2774    .text               c_w.l(_printf_intcommon.o)
    0x080003ea   0x00000002   PAD
    0x080003ec   0x00000024   Code   RO         2776    .text               c_w.l(_printf_char_file.o)
    0x08000410   0x00000030   Code   RO         2803    .text               c_w.l(_printf_char_common.o)
    0x08000440   0x00000008   Code   RO         2805    .text               c_w.l(ferror.o)
    0x08000448   0x0000004a   Code   RO         2809    .text               c_w.l(sys_stackheap_outer.o)
    0x08000492   0x00000012   Code   RO         2813    .text               c_w.l(exit.o)
    0x080004a4   0x00000008   Code   RO         2821    .text               c_w.l(libspace.o)
    0x080004ac   0x00000016   Code   RO         2463    i.ADC_Cmd           stm32f10x_adc.o
    0x080004c2   0x00000016   Code   RO         2464    i.ADC_DMACmd        stm32f10x_adc.o
    0x080004d8   0x0000005c   Code   RO         2465    i.ADC_DeInit        stm32f10x_adc.o
    0x08000534   0x00000014   Code   RO         2471    i.ADC_GetCalibrationStatus  stm32f10x_adc.o
    0x08000548   0x00000014   Code   RO         2477    i.ADC_GetResetCalibrationStatus  stm32f10x_adc.o
    0x0800055c   0x00000050   Code   RO         2481    i.ADC_Init          stm32f10x_adc.o
    0x080005ac   0x00000164   Code   RO          443    i.ADC_Initial       adc.o
    0x08000710   0x000000b8   Code   RO         2485    i.ADC_RegularChannelConfig  stm32f10x_adc.o
    0x080007c8   0x0000000a   Code   RO         2486    i.ADC_ResetCalibration  stm32f10x_adc.o
    0x080007d2   0x00000016   Code   RO         2488    i.ADC_SoftwareStartConvCmd  stm32f10x_adc.o
    0x080007e8   0x0000000a   Code   RO         2490    i.ADC_StartCalibration  stm32f10x_adc.o
    0x080007f2   0x0000002e   Code   RO          623    i.AT24CXX_Check     24c02.o
    0x08000820   0x00000010   Code   RO          624    i.AT24CXX_Init      24c02.o
    0x08000830   0x0000003c   Code   RO          627    i.AT24CXX_ReadOneByte  24c02.o
    0x0800086c   0x00000034   Code   RO          630    i.AT24CXX_WriteOneByte  24c02.o
    0x080008a0   0x00000004   Code   RO          266    i.BusFault_Handler  stm32f10x_it.o
    0x080008a4   0x00000160   Code   RO          483    i.CAN1_Initial      can.o
    0x08000a04   0x000000a8   Code   RO         1124    i.CAN_ClearITPendingBit  stm32f10x_can.o
    0x08000aac   0x00000016   Code   RO         1127    i.CAN_FIFORelease   stm32f10x_can.o
    0x08000ac2   0x00000002   PAD
    0x08000ac4   0x00000108   Code   RO         1128    i.CAN_FilterInit    stm32f10x_can.o
    0x08000bcc   0x00000120   Code   RO         1130    i.CAN_GetITStatus   stm32f10x_can.o
    0x08000cec   0x00000012   Code   RO         1134    i.CAN_ITConfig      stm32f10x_can.o
    0x08000cfe   0x00000114   Code   RO         1135    i.CAN_Init          stm32f10x_can.o
    0x08000e12   0x000000f0   Code   RO         1138    i.CAN_Receive       stm32f10x_can.o
    0x08000f02   0x00000002   PAD
    0x08000f04   0x00000148   Code   RO          595    i.CAP_Initial       cap.o
    0x0800104c   0x00000012   Code   RO         1146    i.CheckITStatus     stm32f10x_can.o
    0x0800105e   0x00000002   PAD
    0x08001060   0x00000060   Code   RO           24    i.Current_FB        main.o
    0x080010c0   0x00000068   Code   RO          444    i.DMA1_Channel1_IRQHandler  adc.o
    0x08001128   0x0000001c   Code   RO          997    i.DMA_ClearITPendingBit  stm32f10x_dma.o
    0x08001144   0x00000018   Code   RO          998    i.DMA_Cmd           stm32f10x_dma.o
    0x0800115c   0x0000014c   Code   RO          999    i.DMA_DeInit        stm32f10x_dma.o
    0x080012a8   0x00000012   Code   RO         1003    i.DMA_ITConfig      stm32f10x_dma.o
    0x080012ba   0x0000003c   Code   RO         1004    i.DMA_Init          stm32f10x_dma.o
    0x080012f6   0x00000002   Code   RO          267    i.DebugMon_Handler  stm32f10x_it.o
    0x080012f8   0x000000d8   Code   RO           25    i.EXTI0_IRQHandler  main.o
    0x080013d0   0x00000054   Code   RO           26    i.EXTI15_10_IRQHandler  main.o
    0x08001424   0x000000d8   Code   RO           27    i.EXTI1_IRQHandler  main.o
    0x080014fc   0x000000d8   Code   RO           28    i.EXTI2_IRQHandler  main.o
    0x080015d4   0x000001f8   Code   RO           29    i.EXTI4_IRQHandler  main.o
    0x080017cc   0x00000050   Code   RO           30    i.EXTI9_5_IRQHandler  main.o
    0x0800181c   0x0000000c   Code   RO         1069    i.EXTI_ClearITPendingBit  stm32f10x_exti.o
    0x08001828   0x00000024   Code   RO         1070    i.EXTI_DeInit       stm32f10x_exti.o
    0x0800184c   0x00000010   Code   RO         1071    i.EXTI_GenerateSWInterrupt  stm32f10x_exti.o
    0x0800185c   0x00000028   Code   RO         1073    i.EXTI_GetITStatus  stm32f10x_exti.o
    0x08001884   0x00000094   Code   RO         1074    i.EXTI_Init         stm32f10x_exti.o
    0x08001918   0x00000160   Code   RO          504    i.EXTI_MOTOR_Phas_Initial  exti.o
    0x08001a78   0x0000001c   Code   RO         1294    i.FLASH_PrefetchBufferCmd  stm32f10x_flash.o
    0x08001a94   0x00000018   Code   RO         1299    i.FLASH_SetLatency  stm32f10x_flash.o
    0x08001aac   0x00000040   Code   RO         1454    i.GPIO_EXTILineConfig  stm32f10x_gpio.o
    0x08001aec   0x00000116   Code   RO         1457    i.GPIO_Init         stm32f10x_gpio.o
    0x08001c02   0x00000002   PAD
    0x08001c04   0x00000090   Code   RO         1459    i.GPIO_PinRemapConfig  stm32f10x_gpio.o
    0x08001c94   0x00000004   Code   RO         1464    i.GPIO_ResetBits    stm32f10x_gpio.o
    0x08001c98   0x00000004   Code   RO         1465    i.GPIO_SetBits      stm32f10x_gpio.o
    0x08001c9c   0x00000004   Code   RO          268    i.HardFault_Handler  stm32f10x_it.o
    0x08001ca0   0x00000050   Code   RO          726    i.IIC_Ack           iic.o
    0x08001cf0   0x00000068   Code   RO          727    i.IIC_Init          iic.o
    0x08001d58   0x00000050   Code   RO          728    i.IIC_NAck          iic.o
    0x08001da8   0x00000070   Code   RO          729    i.IIC_Read_Byte     iic.o
    0x08001e18   0x00000068   Code   RO          730    i.IIC_Send_Byte     iic.o
    0x08001e80   0x0000004c   Code   RO          731    i.IIC_Start         iic.o
    0x08001ecc   0x00000054   Code   RO          732    i.IIC_Stop          iic.o
    0x08001f20   0x00000064   Code   RO          733    i.IIC_Wait_Ack      iic.o
    0x08001f84   0x000000b8   Code   RO          465    i.KEY_FB            key.o
    0x0800203c   0x0000002c   Code   RO          466    i.KEY_Initial       key.o
    0x08002068   0x00000044   Code   RO          559    i.LED_Initial       led.o
    0x080020ac   0x00000020   Code   RO           31    i.MOTOR_Dir         main.o
    0x080020cc   0x0000004c   Code   RO          516    i.MOTOR_GPIO_Initial  motor.o
    0x08002118   0x00000024   Code   RO          517    i.MOTOR_Get_G       motor.o
    0x0800213c   0x0000002c   Code   RO          518    i.MOTOR_HALL_Initial  motor.o
    0x08002168   0x00000028   Code   RO           32    i.MOTOR_PWM_SAFE    main.o
    0x08002190   0x00000160   Code   RO          519    i.MOTOR_Phase       motor.o
    0x080022f0   0x00000048   Code   RO           33    i.MOTOR_RESET       main.o
    0x08002338   0x0000001c   Code   RO           34    i.MOTOR_Set_Status  main.o
    0x08002354   0x0000009a   Code   RO          520    i.MOTOR_UP          motor.o
    0x080023ee   0x00000004   Code   RO          269    i.MemManage_Handler  stm32f10x_it.o
    0x080023f2   0x00000002   Code   RO          270    i.NMI_Handler       stm32f10x_it.o
    0x080023f4   0x00000070   Code   RO          960    i.NVIC_Init         misc.o
    0x08002464   0x00000014   Code   RO          961    i.NVIC_PriorityGroupConfig  misc.o
    0x08002478   0x000000bc   Code   RO          677    i.PID_Handle        pid.o
    0x08002534   0x0000001a   Code   RO          678    i.PID_Initial       pid.o
    0x0800254e   0x00000012   Code   RO           35    i.PID_SAFE_Correct  main.o
    0x08002560   0x00000002   Code   RO          271    i.PendSV_Handler    stm32f10x_it.o
    0x08002562   0x00000002   PAD
    0x08002564   0x00000018   Code   RO         1565    i.RCC_ADCCLKConfig  stm32f10x_rcc.o
    0x0800257c   0x00000020   Code   RO         1566    i.RCC_AHBPeriphClockCmd  stm32f10x_rcc.o
    0x0800259c   0x00000020   Code   RO         1567    i.RCC_APB1PeriphClockCmd  stm32f10x_rcc.o
    0x080025bc   0x00000020   Code   RO         1569    i.RCC_APB2PeriphClockCmd  stm32f10x_rcc.o
    0x080025dc   0x00000020   Code   RO         1570    i.RCC_APB2PeriphResetCmd  stm32f10x_rcc.o
    0x080025fc   0x0000004c   Code   RO         1576    i.RCC_DeInit        stm32f10x_rcc.o
    0x08002648   0x000000d4   Code   RO         1577    i.RCC_GetClocksFreq  stm32f10x_rcc.o
    0x0800271c   0x0000003c   Code   RO         1578    i.RCC_GetFlagStatus  stm32f10x_rcc.o
    0x08002758   0x00000010   Code   RO         1580    i.RCC_GetSYSCLKSource  stm32f10x_rcc.o
    0x08002768   0x00000018   Code   RO         1581    i.RCC_HCLKConfig    stm32f10x_rcc.o
    0x08002780   0x0000004c   Code   RO         1582    i.RCC_HSEConfig     stm32f10x_rcc.o
    0x080027cc   0x0000006c   Code   RO           36    i.RCC_Initial       main.o
    0x08002838   0x00000018   Code   RO         1588    i.RCC_PCLK1Config   stm32f10x_rcc.o
    0x08002850   0x00000018   Code   RO         1589    i.RCC_PCLK2Config   stm32f10x_rcc.o
    0x08002868   0x0000000c   Code   RO         1590    i.RCC_PLLCmd        stm32f10x_rcc.o
    0x08002874   0x0000001c   Code   RO         1591    i.RCC_PLLConfig     stm32f10x_rcc.o
    0x08002890   0x00000018   Code   RO         1594    i.RCC_SYSCLKConfig  stm32f10x_rcc.o
    0x080028a8   0x00000038   Code   RO         1596    i.RCC_WaitForHSEStartUp  stm32f10x_rcc.o
    0x080028e0   0x00000214   Code   RO           37    i.SET_NUM_ESC       main.o
    0x08002af4   0x00000002   Code   RO          272    i.SVC_Handler       stm32f10x_it.o
    0x08002af6   0x00000008   Code   RO          329    i.SetSysClock       system_stm32f10x.o
    0x08002afe   0x00000002   PAD
    0x08002b00   0x000000e0   Code   RO          330    i.SetSysClockTo72   system_stm32f10x.o
    0x08002be0   0x00000028   Code   RO          964    i.SysTick_CLKSourceConfig  misc.o
    0x08002c08   0x00000002   Code   RO          273    i.SysTick_Handler   stm32f10x_it.o
    0x08002c0a   0x00000002   PAD
    0x08002c0c   0x00000060   Code   RO          332    i.SystemInit        system_stm32f10x.o
    0x08002c6c   0x00000080   Code   RO         1909    i.TI1_Config        stm32f10x_tim.o
    0x08002cec   0x00000098   Code   RO         1910    i.TI2_Config        stm32f10x_tim.o
    0x08002d84   0x00000090   Code   RO         1911    i.TI3_Config        stm32f10x_tim.o
    0x08002e14   0x00000098   Code   RO         1912    i.TI4_Config        stm32f10x_tim.o
    0x08002eac   0x000000e0   Code   RO          596    i.TIM2_IRQHandler   cap.o
    0x08002f8c   0x000000f0   Code   RO          597    i.TIM3_IRQHandler   cap.o
    0x0800307c   0x00000018   Code   RO         1913    i.TIM_ARRPreloadConfig  stm32f10x_tim.o
    0x08003094   0x00000006   Code   RO         1920    i.TIM_ClearITPendingBit  stm32f10x_tim.o
    0x0800309a   0x00000018   Code   RO         1925    i.TIM_Cmd           stm32f10x_tim.o
    0x080030b2   0x0000001e   Code   RO         1927    i.TIM_CtrlPWMOutputs  stm32f10x_tim.o
    0x080030d0   0x00000006   Code   RO         1940    i.TIM_GetCapture1   stm32f10x_tim.o
    0x080030d6   0x00000006   Code   RO         1941    i.TIM_GetCapture2   stm32f10x_tim.o
    0x080030dc   0x00000006   Code   RO         1942    i.TIM_GetCapture3   stm32f10x_tim.o
    0x080030e2   0x00000022   Code   RO         1946    i.TIM_GetITStatus   stm32f10x_tim.o
    0x08003104   0x000000ac   Code   RO         1948    i.TIM_ICInit        stm32f10x_tim.o
    0x080031b0   0x00000012   Code   RO         1950    i.TIM_ITConfig      stm32f10x_tim.o
    0x080031c2   0x00000002   PAD
    0x080031c4   0x000000a4   Code   RO         1959    i.TIM_OC2Init       stm32f10x_tim.o
    0x08003268   0x0000001a   Code   RO         1962    i.TIM_OC2PreloadConfig  stm32f10x_tim.o
    0x08003282   0x00000002   PAD
    0x08003284   0x0000009c   Code   RO          573    i.TIM_PWM_Initial   tim.o
    0x08003320   0x00000004   Code   RO         1987    i.TIM_SetCompare2   stm32f10x_tim.o
    0x08003324   0x00000004   Code   RO         1990    i.TIM_SetCounter    stm32f10x_tim.o
    0x08003328   0x00000012   Code   RO         1991    i.TIM_SetIC1Prescaler  stm32f10x_tim.o
    0x0800333a   0x0000001a   Code   RO         1992    i.TIM_SetIC2Prescaler  stm32f10x_tim.o
    0x08003354   0x00000012   Code   RO         1993    i.TIM_SetIC3Prescaler  stm32f10x_tim.o
    0x08003366   0x0000001a   Code   RO         1994    i.TIM_SetIC4Prescaler  stm32f10x_tim.o
    0x08003380   0x000000a4   Code   RO         1996    i.TIM_TimeBaseInit  stm32f10x_tim.o
    0x08003424   0x000000b0   Code   RO          695    i.UART1_Initial     uart.o
    0x080034d4   0x00000018   Code   RO          784    i.USART_Cmd         stm32f10x_usart.o
    0x080034ec   0x0000004a   Code   RO          790    i.USART_ITConfig    stm32f10x_usart.o
    0x08003536   0x00000002   PAD
    0x08003538   0x000000d8   Code   RO          791    i.USART_Init        stm32f10x_usart.o
    0x08003610   0x0000001c   Code   RO           38    i.USB_HP_CAN1_TX_IRQHandler  main.o
    0x0800362c   0x00000118   Code   RO           39    i.USB_LP_CAN1_RX0_IRQHandler  main.o
    0x08003744   0x00000004   Code   RO          274    i.UsageFault_Handler  stm32f10x_it.o
    0x08003748   0x00000006   Code   RO          696    i._sys_exit         uart.o
    0x0800374e   0x00000002   PAD
    0x08003750   0x00000044   Code   RO          363    i.delay_init        delay.o
    0x08003794   0x0000004c   Code   RO          364    i.delay_ms          delay.o
    0x080037e0   0x0000004c   Code   RO          365    i.delay_us          delay.o
    0x0800382c   0x0000001c   Code   RO          697    i.fputc             uart.o
    0x08003848   0x00000140   Code   RO           40    i.main              main.o
    0x08003988   0x00000150   Code   RO         2719    x$fpl$dadd          fz_ws.l(daddsub_clz.o)
    0x08003ad8   0x000002b0   Code   RO         2726    x$fpl$ddiv          fz_ws.l(ddiv.o)
    0x08003d88   0x0000005e   Code   RO         2729    x$fpl$dfix          fz_ws.l(dfix.o)
    0x08003de6   0x00000002   PAD
    0x08003de8   0x0000005a   Code   RO         2733    x$fpl$dfixu         fz_ws.l(dfixu.o)
    0x08003e42   0x0000002e   Code   RO         2738    x$fpl$dflt          fz_ws.l(dflt_clz.o)
    0x08003e70   0x00000026   Code   RO         2737    x$fpl$dfltu         fz_ws.l(dflt_clz.o)
    0x08003e96   0x00000002   PAD
    0x08003e98   0x00000154   Code   RO         2743    x$fpl$dmul          fz_ws.l(dmul.o)
    0x08003fec   0x0000009c   Code   RO         2779    x$fpl$dnaninf       fz_ws.l(dnaninf.o)
    0x08004088   0x0000000c   Code   RO         2781    x$fpl$dretinf       fz_ws.l(dretinf.o)
    0x08004094   0x000001d4   Code   RO         2721    x$fpl$dsub          fz_ws.l(daddsub_clz.o)
    0x08004268   0x000000c4   Code   RO         2745    x$fpl$fadd          fz_ws.l(faddsub_clz.o)
    0x0800432c   0x00000184   Code   RO         2752    x$fpl$fdiv          fz_ws.l(fdiv.o)
    0x080044b0   0x00000036   Code   RO         2755    x$fpl$ffix          fz_ws.l(ffix.o)
    0x080044e6   0x00000002   PAD
    0x080044e8   0x0000003e   Code   RO         2759    x$fpl$ffixu         fz_ws.l(ffixu.o)
    0x08004526   0x00000002   PAD
    0x08004528   0x00000030   Code   RO         2764    x$fpl$fflt          fz_ws.l(fflt_clz.o)
    0x08004558   0x00000102   Code   RO         2769    x$fpl$fmul          fz_ws.l(fmul.o)
    0x0800465a   0x0000008c   Code   RO         2783    x$fpl$fnaninf       fz_ws.l(fnaninf.o)
    0x080046e6   0x0000000a   Code   RO         2785    x$fpl$fretinf       fz_ws.l(fretinf.o)
    0x080046f0   0x000000ea   Code   RO         2747    x$fpl$fsub          fz_ws.l(faddsub_clz.o)
    0x080047da   0x00000000   Code   RO         2787    x$fpl$usenofp       fz_ws.l(usenofp.o)
    0x080047da   0x00000006   Data   RO          521    .constdata          motor.o
    0x080047e0   0x00000020   Data   RO         2944    Region$$Table       anon$$obj.o


    Execution Region RW_IRAM1 (Base: 0x20000000, Size: 0x00000858, Max: 0x00005000, ABSOLUTE)

    Base Addr    Size         Type   Attr      Idx    E Section Name        Object

    0x20000000   0x00000038   Data   RW           42    .data               main.o
    0x20000038   0x00000014   Data   RW          333    .data               system_stm32f10x.o
    0x2000004c   0x00000004   Data   RW          366    .data               delay.o
    0x20000050   0x00000006   Data   RW          446    .data               adc.o
    0x20000056   0x00000008   Data   RW          485    .data               can.o
    0x2000005e   0x00000003   Data   RW          522    .data               motor.o
    0x20000061   0x00000003   PAD
    0x20000064   0x00000016   Data   RW          598    .data               cap.o
    0x2000007a   0x00000002   PAD
    0x2000007c   0x00000004   Data   RW          698    .data               uart.o
    0x20000080   0x00000014   Data   RW         1597    .data               stm32f10x_rcc.o
    0x20000094   0x00000034   Zero   RW           41    .bss                main.o
    0x200000c8   0x0000012c   Zero   RW          445    .bss                adc.o
    0x200001f4   0x00000060   Zero   RW         2822    .bss                c_w.l(libspace.o)
    0x20000254   0x00000004   PAD
    0x20000258   0x00000200   Zero   RW           18    HEAP                startup_stm32f10x_md.o
    0x20000458   0x00000400   Zero   RW           17    STACK               startup_stm32f10x_md.o


==============================================================================

Image component sizes


      Code (inc. data)   RO Data    RW Data    ZI Data      Debug   Object Name

       174          0          0          0          0       2284   24c02.o
       460         28          0          6        300       1997   adc.o
       352         10          0          8          0       1399   can.o
       792         60          0         22          0       2871   cap.o
         0          0          0          0          0       4540   core_cm3.o
       220         26          0          4          0     224451   delay.o
       352          6          0          0          0        722   exti.o
       740        104          0          0          0       4182   iic.o
       228          8          0          0          0       1095   key.o
        68         12          0          0          0        494   led.o
      2870        320          0         56         52     275369   main.o
       172         22          0          0          0       1925   misc.o
       662         66          6          3          0       3660   motor.o
       214          0          0          0          0       1427   pid.o
        64         26        236          0       1536        788   startup_stm32f10x_md.o
       482         24          0          0          0       7638   stm32f10x_adc.o
      1294         16          0          0          0       5921   stm32f10x_can.o
       462         18          0          0          0       4345   stm32f10x_dma.o
       252         30          0          0          0       2925   stm32f10x_exti.o
        52         12          0          0          0       1041   stm32f10x_flash.o
       494         10          0          0          0       4308   stm32f10x_gpio.o
        26          0          0          0          0       3670   stm32f10x_it.o
       784        110          0         20          0      11646   stm32f10x_rcc.o
      1352        160          0          0          0      13905   stm32f10x_tim.o
       314          6          0          0          0       3558   stm32f10x_usart.o
       328         28          0         20          0       2057   system_stm32f10x.o
       156         10          0          0          0        806   tim.o
       210         14          0          4          0       3490   uart.o

    ----------------------------------------------------------------------
     13596       1126        274        148       1888     592514   Object Totals
         0          0         32          0          0          0   (incl. Generated)
        22          0          0          5          0          0   (incl. Padding)

    ----------------------------------------------------------------------

      Code (inc. data)   RO Data    RW Data    ZI Data      Debug   Library Member Name

         8          0          0          0          0         68   __main.o
       104          0          0          0          0         84   __printf.o
         0          0          0          0          0          0   __rtentry.o
        12          0          0          0          0          0   __rtentry2.o
         6          0          0          0          0          0   __rtentry4.o
        52          8          0          0          0          0   __scatter.o
        26          0          0          0          0          0   __scatter_copy.o
        28          0          0          0          0          0   __scatter_zi.o
        48          6          0          0          0         96   _printf_char_common.o
        36          4          0          0          0         80   _printf_char_file.o
         6          0          0          0          0          0   _printf_d.o
       120         16          0          0          0         92   _printf_dec.o
       178          0          0          0          0         88   _printf_intcommon.o
         0          0          0          0          0          0   _printf_percent.o
         4          0          0          0          0          0   _printf_percent_end.o
        18          0          0          0          0         80   exit.o
         8          0          0          0          0         68   ferror.o
         6          0          0          0          0        152   heapauxi.o
         2          0          0          0          0          0   libinit.o
         2          0          0          0          0          0   libinit2.o
         2          0          0          0          0          0   libshutdown.o
         2          0          0          0          0          0   libshutdown2.o
         8          4          0          0         96         68   libspace.o
        24          4          0          0          0         84   noretval__2printf.o
       100          0          0          0          0         80   rt_memcpy_w.o
         2          0          0          0          0          0   rtexit.o
        10          0          0          0          0          0   rtexit2.o
        74          0          0          0          0         80   sys_stackheap_outer.o
         2          0          0          0          0         68   use_no_semi.o
         2          0          0          0          0         68   use_no_semi_2.o
       804         16          0          0          0        272   daddsub_clz.o
       688        140          0          0          0        208   ddiv.o
        94          4          0          0          0         92   dfix.o
        90          4          0          0          0         92   dfixu.o
        84          0          0          0          0        136   dflt_clz.o
       340         12          0          0          0        104   dmul.o
       156          4          0          0          0         92   dnaninf.o
        12          0          0          0          0         68   dretinf.o
       430          8          0          0          0        168   faddsub_clz.o
       388         76          0          0          0         96   fdiv.o
        54          4          0          0          0         84   ffix.o
        62          4          0          0          0         84   ffixu.o
        48          0          0          0          0         68   fflt_clz.o
       258          4          0          0          0         84   fmul.o
       140          4          0          0          0         84   fnaninf.o
        10          0          0          0          0         68   fretinf.o
         0          0          0          0          0          0   usenofp.o

    ----------------------------------------------------------------------
      4562        322          0          0        100       3056   Library Totals
        14          0          0          0          4          0   (incl. Padding)

    ----------------------------------------------------------------------

      Code (inc. data)   RO Data    RW Data    ZI Data      Debug   Library Name

       890         42          0          0         96       1256   c_w.l
      3658        280          0          0          0       1800   fz_ws.l

    ----------------------------------------------------------------------
      4562        322          0          0        100       3056   Library Totals

    ----------------------------------------------------------------------

==============================================================================


      Code (inc. data)   RO Data    RW Data    ZI Data      Debug   

     18158       1448        274        148       1988     586674   Grand Totals
     18158       1448        274        148       1988     586674   ELF Image Totals
     18158       1448        274        148          0          0   ROM Totals

==============================================================================

    Total RO  Size (Code + RO Data)                18432 (  18.00kB)
    Total RW  Size (RW Data + ZI Data)              2136 (   2.09kB)
    Total ROM Size (Code + RO Data + RW Data)      18580 (  18.14kB)

==============================================================================

